Archive member included to satisfy reference by file (symbol)

C:\Users\Gebruiker\Documents\Atmel Studio\7.0\ArduinoSketch9\ArduinoSketch9\ArduinoCore\Debug\libArduinoCore.a(cortex_handlers.o)
                              (Reset_Handler)
C:\Users\Gebruiker\Documents\Atmel Studio\7.0\ArduinoSketch9\ArduinoSketch9\ArduinoCore\Debug\libArduinoCore.a(delay.o)
                              Sketch.o (delay)
C:\Users\Gebruiker\Documents\Atmel Studio\7.0\ArduinoSketch9\ArduinoSketch9\ArduinoCore\Debug\libArduinoCore.a(hooks.o)
                              C:\Users\Gebruiker\Documents\Atmel Studio\7.0\ArduinoSketch9\ArduinoSketch9\ArduinoCore\Debug\libArduinoCore.a(delay.o) (yield)
C:\Users\Gebruiker\Documents\Atmel Studio\7.0\ArduinoSketch9\ArduinoSketch9\ArduinoCore\Debug\libArduinoCore.a(main.o)
                              c:/program files (x86)/atmel/studio/7.0/toolchain/arm/arm-gnu-toolchain/bin/../lib/gcc/arm-none-eabi/6.3.1/../../../../arm-none-eabi/lib/thumb/v6-m/crt0.o (main)
C:\Users\Gebruiker\Documents\Atmel Studio\7.0\ArduinoSketch9\ArduinoSketch9\ArduinoCore\Debug\libArduinoCore.a(Reset.o)
                              C:\Users\Gebruiker\Documents\Atmel Studio\7.0\ArduinoSketch9\ArduinoSketch9\ArduinoCore\Debug\libArduinoCore.a(delay.o) (tickReset)
C:\Users\Gebruiker\Documents\Atmel Studio\7.0\ArduinoSketch9\ArduinoSketch9\ArduinoCore\Debug\libArduinoCore.a(startup.o)
                              C:\Users\Gebruiker\Documents\Atmel Studio\7.0\ArduinoSketch9\ArduinoSketch9\ArduinoCore\Debug\libArduinoCore.a(cortex_handlers.o) (SystemInit)
C:\Users\Gebruiker\Documents\Atmel Studio\7.0\ArduinoSketch9\ArduinoSketch9\ArduinoCore\Debug\libArduinoCore.a(USBCore.o)
                              C:\Users\Gebruiker\Documents\Atmel Studio\7.0\ArduinoSketch9\ArduinoSketch9\ArduinoCore\Debug\libArduinoCore.a(main.o) (USBDeviceClass::init())
C:\Users\Gebruiker\Documents\Atmel Studio\7.0\ArduinoSketch9\ArduinoSketch9\ArduinoCore\Debug\libArduinoCore.a(wiring.o)
                              C:\Users\Gebruiker\Documents\Atmel Studio\7.0\ArduinoSketch9\ArduinoSketch9\ArduinoCore\Debug\libArduinoCore.a(main.o) (init)
C:\Users\Gebruiker\Documents\Atmel Studio\7.0\ArduinoSketch9\ArduinoSketch9\ArduinoCore\Debug\libArduinoCore.a(wiring_analog.o)
                              C:\Users\Gebruiker\Documents\Atmel Studio\7.0\ArduinoSketch9\ArduinoSketch9\ArduinoCore\Debug\libArduinoCore.a(wiring.o) (analogReference)
C:\Users\Gebruiker\Documents\Atmel Studio\7.0\ArduinoSketch9\ArduinoSketch9\ArduinoCore\Debug\libArduinoCore.a(wiring_digital.o)
                              Sketch.o (pinMode)
C:\Users\Gebruiker\Documents\Atmel Studio\7.0\ArduinoSketch9\ArduinoSketch9\ArduinoCore\Debug\libArduinoCore.a(wiring_private.o)
                              C:\Users\Gebruiker\Documents\Atmel Studio\7.0\ArduinoSketch9\ArduinoSketch9\ArduinoCore\Debug\libArduinoCore.a(wiring_analog.o) (pinPeripheral)
C:\Users\Gebruiker\Documents\Atmel Studio\7.0\ArduinoSketch9\ArduinoSketch9\ArduinoCore\Debug\libArduinoCore.a(variant.o)
                              C:\Users\Gebruiker\Documents\Atmel Studio\7.0\ArduinoSketch9\ArduinoSketch9\ArduinoCore\Debug\libArduinoCore.a(wiring_analog.o) (g_apTCInstances)
C:\Users\Gebruiker\Documents\Atmel Studio\7.0\ArduinoSketch9\ArduinoSketch9\ArduinoCore\Debug\libArduinoCore.a(new.o)
                              C:\Users\Gebruiker\Documents\Atmel Studio\7.0\ArduinoSketch9\ArduinoSketch9\ArduinoCore\Debug\libArduinoCore.a(USBCore.o) (operator new(unsigned int))
C:\Users\Gebruiker\Documents\Atmel Studio\7.0\ArduinoSketch9\ArduinoSketch9\ArduinoCore\Debug\libArduinoCore.a(SERCOM.o)
                              C:\Users\Gebruiker\Documents\Atmel Studio\7.0\ArduinoSketch9\ArduinoSketch9\ArduinoCore\Debug\libArduinoCore.a(variant.o) (SERCOM::SERCOM(Sercom*))
C:\Users\Gebruiker\Documents\Atmel Studio\7.0\ArduinoSketch9\ArduinoSketch9\ArduinoCore\Debug\libArduinoCore.a(Uart.o)
                              C:\Users\Gebruiker\Documents\Atmel Studio\7.0\ArduinoSketch9\ArduinoSketch9\ArduinoCore\Debug\libArduinoCore.a(variant.o) (Uart::Uart(SERCOM*, unsigned char, unsigned char, SercomRXPad, SercomUartTXPad, unsigned char, unsigned char))
C:\Users\Gebruiker\Documents\Atmel Studio\7.0\ArduinoSketch9\ArduinoSketch9\ArduinoCore\Debug\libArduinoCore.a(CDC.o)
                              C:\Users\Gebruiker\Documents\Atmel Studio\7.0\ArduinoSketch9\ArduinoSketch9\ArduinoCore\Debug\libArduinoCore.a(USBCore.o) (Serial_::enableInterrupt())
C:\Users\Gebruiker\Documents\Atmel Studio\7.0\ArduinoSketch9\ArduinoSketch9\ArduinoCore\Debug\libArduinoCore.a(PluggableUSB.o)
                              C:\Users\Gebruiker\Documents\Atmel Studio\7.0\ArduinoSketch9\ArduinoSketch9\ArduinoCore\Debug\libArduinoCore.a(USBCore.o) (PluggableUSB_::getInterface(unsigned char*))
C:\Users\Gebruiker\Documents\Atmel Studio\7.0\ArduinoSketch9\ArduinoSketch9\ArduinoCore\Debug\libArduinoCore.a(Print.o)
[...]
Memory Configuration

Name             Origin             Length             Attributes
FLASH            0x00002000         0x0003e000         xr
RAM              0x20000000         0x00008000         xrw
*default*        0x00000000         0xffffffff

Linker script and memory map

LOAD c:/program files (x86)/atmel/studio/7.0/toolchain/arm/arm-gnu-toolchain/bin/../lib/gcc/arm-none-eabi/6.3.1/thumb/v6-m/crti.o
LOAD c:/program files (x86)/atmel/studio/7.0/toolchain/arm/arm-gnu-toolchain/bin/../lib/gcc/arm-none-eabi/6.3.1/thumb/v6-m/crtbegin.o
LOAD c:/program files (x86)/atmel/studio/7.0/toolchain/arm/arm-gnu-toolchain/bin/../lib/gcc/arm-none-eabi/6.3.1/../../../../arm-none-eabi/lib/thumb/v6-m/crt0.o
LOAD Sketch.o
START GROUP
LOAD C:\Users\Gebruiker\Documents\Atmel Studio\7.0\ArduinoSketch9\ArduinoSketch9\ArduinoCore\Debug\libArduinoCore.a
END GROUP
LOAD c:/program files (x86)/atmel/studio/7.0/toolchain/arm/arm-gnu-toolchain/bin/../lib/gcc/arm-none-eabi/6.3.1/../../../../arm-none-eabi/lib/thumb/v6-m\libstdc++_nano.a
LOAD c:/program files (x86)/atmel/studio/7.0/toolchain/arm/arm-gnu-toolchain/bin/../lib/gcc/arm-none-eabi/6.3.1/../../../../arm-none-eabi/lib/thumb/v6-m\libm.a
START GROUP
LOAD c:/program files (x86)/atmel/studio/7.0/toolchain/arm/arm-gnu-toolchain/bin/../lib/gcc/arm-none-eabi/6.3.1/thumb/v6-m\libgcc.a
LOAD c:/program files (x86)/atmel/studio/7.0/toolchain/arm/arm-gnu-toolchain/bin/../lib/gcc/arm-none-eabi/6.3.1/../../../../arm-none-eabi/lib/thumb/v6-m\libc_nano.a
END GROUP
START GROUP
LOAD c:/program files (x86)/atmel/studio/7.0/toolchain/arm/arm-gnu-toolchain/bin/../lib/gcc/arm-none-eabi/6.3.1/thumb/v6-m\libgcc.a
LOAD c:/program files (x86)/atmel/studio/7.0/toolchain/arm/arm-gnu-toolchain/bin/../lib/gcc/arm-none-eabi/6.3.1/../../../../arm-none-eabi/lib/thumb/v6-m\libc_nano.a
LOAD c:/program files (x86)/atmel/studio/7.0/toolchain/arm/arm-gnu-toolchain/bin/../lib/gcc/arm-none-eabi/6.3.1/../../../../arm-none-eabi/lib/thumb/v6-m\libnosys.a
END GROUP
START GROUP
LOAD c:/program files (x86)/atmel/studio/7.0/toolchain/arm/arm-gnu-toolchain/bin/../lib/gcc/arm-none-eabi/6.3.1/thumb/v6-m\libgcc.a
LOAD c:/program files (x86)/atmel/studio/7.0/toolchain/arm/arm-gnu-toolchain/bin/../lib/gcc/arm-none-eabi/6.3.1/../../../../arm-none-eabi/lib/thumb/v6-m\libc_nano.a
LOAD c:/program files (x86)/atmel/studio/7.0/toolchain/arm/arm-gnu-toolchain/bin/../lib/gcc/arm-none-eabi/6.3.1/../../../../arm-none-eabi/lib/thumb/v6-m\libnosys.a
END GROUP
LOAD c:/program files (x86)/atmel/studio/7.0/toolchain/arm/arm-gnu-toolchain/bin/../lib/gcc/arm-none-eabi/6.3.1/thumb/v6-m/crtend.o
LOAD c:/program files (x86)/atmel/studio/7.0/toolchain/arm/arm-gnu-toolchain/bin/../lib/gcc/arm-none-eabi/6.3.1/thumb/v6-m/crtn.o

.text           0x00002000     0x2f4c
                0x00002000                __text_start__ = .
 *(.sketch_boot)
                0x00002000                . = ALIGN (0x2000)
 *(.isr_vector)
 .isr_vector    0x00002000       0xb4 C:\Users\Gebruiker\Documents\Atmel Studio\7.0\ArduinoSketch9\ArduinoSketch9\ArduinoCore\Debug\libArduinoCore.a(cortex_handlers.o)
                0x00002000                exception_table
 *(.text*)
 .text          0x000020b4       0x60 c:/program files (x86)/atmel/studio/7.0/toolchain/arm/arm-gnu-toolchain/bin/../lib/gcc/arm-none-eabi/6.3.1/thumb/v6-m/crtbegin.o
 .text.setup    0x00002114        0xc Sketch.o
                0x00002114                setup
 .text.loop     0x00002120       0x20 Sketch.o
                0x00002120                loop
 .text.Dummy_Handler
                0x00002140        0x4 C:\Users\Gebruiker\Documents\Atmel Studio\7.0\ArduinoSketch9\ArduinoSketch9\ArduinoCore\Debug\libArduinoCore.a(cortex_handlers.o)
                0x00002140                DMAC_Handler
                0x00002140                HardFault_Handler
                0x00002140                AC_Handler
                0x00002140                PendSV_Handler
                0x00002140                NMI_Handler
                0x00002140                TC7_Handler
                0x00002140                SERCOM1_Handler
                0x00002140                ADC_Handler
                0x00002140                TCC1_Handler
                0x00002140                SERCOM2_Handler
                0x00002140                TCC0_Handler
                0x00002140                RTC_Handler
                0x00002140                EIC_Handler
                0x00002140                TC6_Handler
                0x00002140                WDT_Handler
                0x00002140                TC4_Handler
                0x00002140                TC3_Handler
                0x00002140                Dummy_Handler
                0x00002140                PM_Handler
                0x00002140                SVC_Handler
                0x00002140                TCC2_Handler
                0x00002140                EVSYS_Handler
                0x00002140                SERCOM3_Handler
                0x00002140                I2S_Handler
                0x00002140                NVMCTRL_Handler
                0x00002140                SERCOM0_Handler
                0x00002140                DAC_Handler
                0x00002140                PTC_Handler
                0x00002140                SYSCTRL_Handler
 .text.USB_Handler
                0x00002144       0x14 C:\Users\Gebruiker\Documents\Atmel Studio\7.0\ArduinoSketch9\ArduinoSketch9\ArduinoCore\Debug\libArduinoCore.a(cortex_handlers.o)
                0x00002144                USB_Handler
 .text.Reset_Handler
                0x00002158       0x54 C:\Users\Gebruiker\Documents\Atmel Studio\7.0\ArduinoSketch9\ArduinoSketch9\ArduinoCore\Debug\libArduinoCore.a(cortex_handlers.o)
                0x00002158                Reset_Handler
 .text.SysTick_Handler
                0x000021ac       0x10 C:\Users\Gebruiker\Documents\Atmel Studio\7.0\ArduinoSketch9\ArduinoSketch9\ArduinoCore\Debug\libArduinoCore.a(cortex_handlers.o)
                0x000021ac                SysTick_Handler
 .text.USB_SetHandler
                0x000021bc        0xc C:\Users\Gebruiker\Documents\Atmel Studio\7.0\ArduinoSketch9\ArduinoSketch9\ArduinoCore\Debug\libArduinoCore.a(cortex_handlers.o)
                0x000021bc                USB_SetHandler
 .text.micros   0x000021c8       0x60 C:\Users\Gebruiker\Documents\Atmel Studio\7.0\ArduinoSketch9\ArduinoSketch9\ArduinoCore\Debug\libArduinoCore.a(delay.o)
                0x000021c8                micros
 .text.delay    0x00002228       0x30 C:\Users\Gebruiker\Documents\Atmel Studio\7.0\ArduinoSketch9\ArduinoSketch9\ArduinoCore\Debug\libArduinoCore.a(delay.o)
                0x00002228                delay
 .text.resetExternalChip
                0x00002258        0x2 C:\Users\Gebruiker\Documents\Atmel Studio\7.0\ArduinoSketch9\ArduinoSketch9\ArduinoCore\Debug\libArduinoCore.a(delay.o)
                0x00002258                resetExternalChip
 *fill*         0x0000225a        0x2 
 .text.SysTick_DefaultHandler
                0x0000225c       0x14 C:\Users\Gebruiker\Documents\Atmel Studio\7.0\ArduinoSketch9\ArduinoSketch9\ArduinoCore\Debug\libArduinoCore.a(delay.o)
                0x0000225c                SysTick_DefaultHandler
 .text.__empty  0x00002270        0x2 C:\Users\Gebruiker\Documents\Atmel Studio\7.0\ArduinoSketch9\ArduinoSketch9\ArduinoCore\Debug\libArduinoCore.a(hooks.o)
                0x00002270                yield
 .text.__false  0x00002272        0x4 C:\Users\Gebruiker\Documents\Atmel Studio\7.0\ArduinoSketch9\ArduinoSketch9\ArduinoCore\Debug\libArduinoCore.a(hooks.o)
                0x00002272                sysTickHook
 *fill*         0x00002276        0x2 
 .text.startup.main
                0x00002278       0x40 C:\Users\Gebruiker\Documents\Atmel Studio\7.0\ArduinoSketch9\ArduinoSketch9\ArduinoCore\Debug\libArduinoCore.a(main.o)
                0x00002278                main
 .text.initiateReset
                0x000022b8       0x14 C:\Users\Gebruiker\Documents\Atmel Studio\7.0\ArduinoSketch9\ArduinoSketch9\ArduinoCore\Debug\libArduinoCore.a(Reset.o)
                0x000022b8                initiateReset
 .text.cancelReset
                0x000022cc       0x10 C:\Users\Gebruiker\Documents\Atmel Studio\7.0\ArduinoSketch9\ArduinoSketch9\ArduinoCore\Debug\libArduinoCore.a(Reset.o)
                0x000022cc                cancelReset
 .text.tickReset
                0x000022dc       0x78 C:\Users\Gebruiker\Documents\Atmel Studio\7.0\ArduinoSketch9\ArduinoSketch9\ArduinoCore\Debug\libArduinoCore.a(Reset.o)
                0x000022dc                tickReset
 .text.SystemInit
                0x00002354      0x160 C:\Users\Gebruiker\Documents\Atmel Studio\7.0\ArduinoSketch9\ArduinoSketch9\ArduinoCore\Debug\libArduinoCore.a(startup.o)
                0x00002354                SystemInit
 .text._ZN26DoubleBufferedEPOutHandlerD2Ev
                0x000024b4        0x2 C:\Users\Gebruiker\Documents\Atmel Studio\7.0\ArduinoSketch9\ArduinoSketch9\ArduinoCore\Debug\libArduinoCore.a(USBCore.o)
                0x000024b4                DoubleBufferedEPOutHandler::~DoubleBufferedEPOutHandler()
                0x000024b4                DoubleBufferedEPOutHandler::~DoubleBufferedEPOutHandler()
 .text._ZN26DoubleBufferedEPOutHandlerD0Ev
                0x000024b6        0xc C:\Users\Gebruiker\Documents\Atmel Studio\7.0\ArduinoSketch9\ArduinoSketch9\ArduinoCore\Debug\libArduinoCore.a(USBCore.o)
                0x000024b6                DoubleBufferedEPOutHandler::~DoubleBufferedEPOutHandler()
 *fill*         0x000024c2        0x2 
 .text._ZN14USBDeviceClass6initEPEmm.part.7
                0x000024c4       0xc4 C:\Users\Gebruiker\Documents\Atmel Studio\7.0\ArduinoSketch9\ArduinoSketch9\ArduinoCore\Debug\libArduinoCore.a(USBCore.o)
 .text._ZN7__GuardC2Ev
                0x00002588        0xe C:\Users\Gebruiker\Documents\Atmel Studio\7.0\ArduinoSketch9\ArduinoSketch9\ArduinoCore\Debug\libArduinoCore.a(USBCore.o)
                0x00002588                __Guard::__Guard()
                0x00002588                __Guard::__Guard()
 .text._ZN7__GuardD2Ev
                0x00002596        0xe C:\Users\Gebruiker\Documents\Atmel Studio\7.0\ArduinoSketch9\ArduinoSketch9\ArduinoCore\Debug\libArduinoCore.a(USBCore.o)
                0x00002596                __Guard::~__Guard()
                0x00002596                __Guard::~__Guard()
 .text._ZNK26DoubleBufferedEPOutHandler10_availableEv
                0x000025a4       0x70 C:\Users\Gebruiker\Documents\Atmel Studio\7.0\ArduinoSketch9\ArduinoSketch9\ArduinoCore\Debug\libArduinoCore.a(USBCore.o)
                0x000025a4                DoubleBufferedEPOutHandler::_available() const
 .text._ZN26DoubleBufferedEPOutHandler7releaseEv
                0x00002614       0x3c C:\Users\Gebruiker\Documents\Atmel Studio\7.0\ArduinoSketch9\ArduinoSketch9\ArduinoCore\Debug\libArduinoCore.a(USBCore.o)
                0x00002614                DoubleBufferedEPOutHandler::release()
 .text._ZN26DoubleBufferedEPOutHandler14handleEndpointEv
                0x00002650       0xe8 C:\Users\Gebruiker\Documents\Atmel Studio\7.0\ArduinoSketch9\ArduinoSketch9\ArduinoCore\Debug\libArduinoCore.a(USBCore.o)
                0x00002650                DoubleBufferedEPOutHandler::handleEndpoint()
 .text._ZN26DoubleBufferedEPOutHandler5_recvEv
                0x00002738      0x194 C:\Users\Gebruiker\Documents\Atmel Studio\7.0\ArduinoSketch9\ArduinoSketch9\ArduinoCore\Debug\libArduinoCore.a(USBCore.o)
                0x00002738                DoubleBufferedEPOutHandler::_recv()
 .text._ZN26DoubleBufferedEPOutHandler4peekEv
                0x000028cc       0x22 C:\Users\Gebruiker\Documents\Atmel Studio\7.0\ArduinoSketch9\ArduinoSketch9\ArduinoCore\Debug\libArduinoCore.a(USBCore.o)
                0x000028cc                DoubleBufferedEPOutHandler::peek()
 .text._ZN26DoubleBufferedEPOutHandler9availableEv
                0x000028ee       0x18 C:\Users\Gebruiker\Documents\Atmel Studio\7.0\ArduinoSketch9\ArduinoSketch9\ArduinoCore\Debug\libArduinoCore.a(USBCore.o)
                0x000028ee                DoubleBufferedEPOutHandler::available()
 .text._ZN26DoubleBufferedEPOutHandler4recvEPvm
                0x00002906       0x6c C:\Users\Gebruiker\Documents\Atmel Studio\7.0\ArduinoSketch9\ArduinoSketch9\ArduinoCore\Debug\libArduinoCore.a(USBCore.o)
                0x00002906                DoubleBufferedEPOutHandler::recv(void*, unsigned long)
 .text._ZN14USBDeviceClass14SendInterfacesEPm
                0x00002972       0x20 C:\Users\Gebruiker\Documents\Atmel Studio\7.0\ArduinoSketch9\ArduinoSketch9\ArduinoCore\Debug\libArduinoCore.a(USBCore.o)
                0x00002972                USBDeviceClass::SendInterfaces(unsigned long*)
 *fill*         0x00002992        0x2 
 .text._ZN14USBDeviceClass4initEv
                0x00002994      0x134 C:\Users\Gebruiker\Documents\Atmel Studio\7.0\ArduinoSketch9\ArduinoSketch9\ArduinoCore\Debug\libArduinoCore.a(USBCore.o)
                0x00002994                USBDeviceClass::init()
 .text._ZN14USBDeviceClass6attachEv
                0x00002ac8       0x34 C:\Users\Gebruiker\Documents\Atmel Studio\7.0\ArduinoSketch9\ArduinoSketch9\ArduinoCore\Debug\libArduinoCore.a(USBCore.o)
                0x00002ac8                USBDeviceClass::attach()
 .text._ZN14USBDeviceClass10setAddressEm
                0x00002afc       0x48 C:\Users\Gebruiker\Documents\Atmel Studio\7.0\ArduinoSketch9\ArduinoSketch9\ArduinoCore\Debug\libArduinoCore.a(USBCore.o)
                0x00002afc                USBDeviceClass::setAddress(unsigned long)
 .text._ZN14USBDeviceClass25handleClassInterfaceSetupER8USBSetup
                0x00002b44       0x24 C:\Users\Gebruiker\Documents\Atmel Studio\7.0\ArduinoSketch9\ArduinoSketch9\ArduinoCore\Debug\libArduinoCore.a(USBCore.o)
                0x00002b44                USBDeviceClass::handleClassInterfaceSetup(USBSetup&)
 .text._ZN14USBDeviceClass6initEPEmm
                0x00002b68      0x104 C:\Users\Gebruiker\Documents\Atmel Studio\7.0\ArduinoSketch9\ArduinoSketch9\ArduinoCore\Debug\libArduinoCore.a(USBCore.o)
                0x00002b68                USBDeviceClass::initEP(unsigned long, unsigned long)
 .text._ZN14USBDeviceClass13initEndpointsEv
                0x00002c6c       0x24 C:\Users\Gebruiker\Documents\Atmel Studio\7.0\ArduinoSketch9\ArduinoSketch9\ArduinoCore\Debug\libArduinoCore.a(USBCore.o)
                0x00002c6c                USBDeviceClass::initEndpoints()
 .text._ZN14USBDeviceClass5clearEm
                0x00002c90       0x38 C:\Users\Gebruiker\Documents\Atmel Studio\7.0\ArduinoSketch9\ArduinoSketch9\ArduinoCore\Debug\libArduinoCore.a(USBCore.o)
                0x00002c90                USBDeviceClass::clear(unsigned long)
 .text._ZN14USBDeviceClass9availableEm
                0x00002cc8       0x2c C:\Users\Gebruiker\Documents\Atmel Studio\7.0\ArduinoSketch9\ArduinoSketch9\ArduinoCore\Debug\libArduinoCore.a(USBCore.o)
                0x00002cc8                USBDeviceClass::available(unsigned long)
 .text._ZN14USBDeviceClass5flushEm
                0x00002cf4       0x2c C:\Users\Gebruiker\Documents\Atmel Studio\7.0\ArduinoSketch9\ArduinoSketch9\ArduinoCore\Debug\libArduinoCore.a(USBCore.o)
                0x00002cf4                USBDeviceClass::flush(unsigned long)
 .text._ZN14USBDeviceClass4recvEmPvm
                0x00002d20       0xc4 C:\Users\Gebruiker\Documents\Atmel Studio\7.0\ArduinoSketch9\ArduinoSketch9\ArduinoCore\Debug\libArduinoCore.a(USBCore.o)
                0x00002d20                USBDeviceClass::recv(unsigned long, void*, unsigned long)
 .text._ZN14USBDeviceClass4recvEm
                0x00002de4       0x1c C:\Users\Gebruiker\Documents\Atmel Studio\7.0\ArduinoSketch9\ArduinoSketch9\ArduinoCore\Debug\libArduinoCore.a(USBCore.o)
                0x00002de4                USBDeviceClass::recv(unsigned long)
 .text._ZN14USBDeviceClass14armRecvCtrlOUTEm
                0x00002e00       0x5c C:\Users\Gebruiker\Documents\Atmel Studio\7.0\ArduinoSketch9\ArduinoSketch9\ArduinoCore\Debug\libArduinoCore.a(USBCore.o)
                0x00002e00                USBDeviceClass::armRecvCtrlOUT(unsigned long)
 .text._ZN14USBDeviceClass11recvControlEPvm
                0x00002e5c       0x28 C:\Users\Gebruiker\Documents\Atmel Studio\7.0\ArduinoSketch9\ArduinoSketch9\ArduinoCore\Debug\libArduinoCore.a(USBCore.o)
                0x00002e5c                USBDeviceClass::recvControl(void*, unsigned long)
 .text._ZN14USBDeviceClass4sendEmPKvm
                0x00002e84      0x10c C:\Users\Gebruiker\Documents\Atmel Studio\7.0\ArduinoSketch9\ArduinoSketch9\ArduinoCore\Debug\libArduinoCore.a(USBCore.o)
                0x00002e84                USBDeviceClass::send(unsigned long, void const*, unsigned long)
 .text._ZN14USBDeviceClass7armSendEmPKvm
                0x00002f90       0x48 C:\Users\Gebruiker\Documents\Atmel Studio\7.0\ArduinoSketch9\ArduinoSketch9\ArduinoCore\Debug\libArduinoCore.a(USBCore.o)
                0x00002f90                USBDeviceClass::armSend(unsigned long, void const*, unsigned long)
 .text._ZN14USBDeviceClass11sendControlEPKvm
                0x00002fd8       0x54 C:\Users\Gebruiker\Documents\Atmel Studio\7.0\ArduinoSketch9\ArduinoSketch9\ArduinoCore\Debug\libArduinoCore.a(USBCore.o)
                0x00002fd8                USBDeviceClass::sendControl(void const*, unsigned long)
 .text._ZN14USBDeviceClass20sendStringDescriptorEPKhm
                0x0000302c       0x64 C:\Users\Gebruiker\Documents\Atmel Studio\7.0\ArduinoSketch9\ArduinoSketch9\ArduinoCore\Debug\libArduinoCore.a(USBCore.o)
                0x0000302c                USBDeviceClass::sendStringDescriptor(unsigned char const*, unsigned long)
 .text._ZN14USBDeviceClass17sendConfigurationEm
                0x00003090       0x94 C:\Users\Gebruiker\Documents\Atmel Studio\7.0\ArduinoSketch9\ArduinoSketch9\ArduinoCore\Debug\libArduinoCore.a(USBCore.o)
                0x00003090                USBDeviceClass::sendConfiguration(unsigned long)
 .text._ZN14USBDeviceClass14sendDescriptorER8USBSetup
                0x00003124       0xe0 C:\Users\Gebruiker\Documents\Atmel Studio\7.0\ArduinoSketch9\ArduinoSketch9\ArduinoCore\Debug\libArduinoCore.a(USBCore.o)
                0x00003124                USBDeviceClass::sendDescriptor(USBSetup&)
 .text._ZN14USBDeviceClass7sendZlpEm
                0x00003204       0x18 C:\Users\Gebruiker\Documents\Atmel Studio\7.0\ArduinoSketch9\ArduinoSketch9\ArduinoCore\Debug\libArduinoCore.a(USBCore.o)
                0x00003204                USBDeviceClass::sendZlp(unsigned long)
 .text._ZN14USBDeviceClass19handleStandardSetupER8USBSetup
                0x0000321c       0xf4 C:\Users\Gebruiker\Documents\Atmel Studio\7.0\ArduinoSketch9\ArduinoSketch9\ArduinoCore\Debug\libArduinoCore.a(USBCore.o)
                0x0000321c                USBDeviceClass::handleStandardSetup(USBSetup&)
 .text._ZN14USBDeviceClass10ISRHandlerEv
                0x00003310      0x108 C:\Users\Gebruiker\Documents\Atmel Studio\7.0\ArduinoSketch9\ArduinoSketch9\ArduinoCore\Debug\libArduinoCore.a(USBCore.o)
                0x00003310                USBDeviceClass::ISRHandler()
 .text.UDD_Handler
                0x00003418       0x10 C:\Users\Gebruiker\Documents\Atmel Studio\7.0\ArduinoSketch9\ArduinoSketch9\ArduinoCore\Debug\libArduinoCore.a(USBCore.o)
                0x00003418                UDD_Handler
 .text.startup._GLOBAL__sub_I_usbd
                0x00003428       0x10 C:\Users\Gebruiker\Documents\Atmel Studio\7.0\ArduinoSketch9\ArduinoSketch9\ArduinoCore\Debug\libArduinoCore.a(USBCore.o)
 .text.init     0x00003438       0xf0 C:\Users\Gebruiker\Documents\Atmel Studio\7.0\ArduinoSketch9\ArduinoSketch9\ArduinoCore\Debug\libArduinoCore.a(wiring.o)
                0x00003438                init
 .text.mapResolution
                0x00003528       0x12 C:\Users\Gebruiker\Documents\Atmel Studio\7.0\ArduinoSketch9\ArduinoSketch9\ArduinoCore\Debug\libArduinoCore.a(wiring_analog.o)
 *fill*         0x0000353a        0x2 
 .text.analogReference
                0x0000353c       0x64 C:\Users\Gebruiker\Documents\Atmel Studio\7.0\ArduinoSketch9\ArduinoSketch9\ArduinoCore\Debug\libArduinoCore.a(wiring_analog.o)
                0x0000353c                analogReference
 .text.analogRead
                0x000035a0       0xdc C:\Users\Gebruiker\Documents\Atmel Studio\7.0\ArduinoSketch9\ArduinoSketch9\ArduinoCore\Debug\libArduinoCore.a(wiring_analog.o)
                0x000035a0                analogRead
 .text.pinMode  0x0000367c       0x98 C:\Users\Gebruiker\Documents\Atmel Studio\7.0\ArduinoSketch9\ArduinoSketch9\ArduinoCore\Debug\libArduinoCore.a(wiring_digital.o)
                0x0000367c                pinMode
 .text.digitalWrite
                0x00003714       0x58 C:\Users\Gebruiker\Documents\Atmel Studio\7.0\ArduinoSketch9\ArduinoSketch9\ArduinoCore\Debug\libArduinoCore.a(wiring_digital.o)
                0x00003714                digitalWrite
 .text.pinPeripheral
                0x0000376c       0xbc C:\Users\Gebruiker\Documents\Atmel Studio\7.0\ArduinoSketch9\ArduinoSketch9\ArduinoCore\Debug\libArduinoCore.a(wiring_private.o)
                0x0000376c                pinPeripheral
 .text._Z11initVariantv
                0x00003828       0xf8 C:\Users\Gebruiker\Documents\Atmel Studio\7.0\ArduinoSketch9\ArduinoSketch9\ArduinoCore\Debug\libArduinoCore.a(variant.o)
                0x00003828                initVariant()
 .text.SERCOM5_Handler
                0x00003920       0x10 C:\Users\Gebruiker\Documents\Atmel Studio\7.0\ArduinoSketch9\ArduinoSketch9\ArduinoCore\Debug\libArduinoCore.a(variant.o)
                0x00003920                SERCOM5_Handler
 .text.SERCOM4_Handler
                0x00003930       0x10 C:\Users\Gebruiker\Documents\Atmel Studio\7.0\ArduinoSketch9\ArduinoSketch9\ArduinoCore\Debug\libArduinoCore.a(variant.o)
                0x00003930                SERCOM4_Handler
 .text.startup._GLOBAL__sub_I_g_APinDescription
                0x00003940       0xa0 C:\Users\Gebruiker\Documents\Atmel Studio\7.0\ArduinoSketch9\ArduinoSketch9\ArduinoCore\Debug\libArduinoCore.a(variant.o)
 .text._Znwj    0x000039e0        0x8 C:\Users\Gebruiker\Documents\Atmel Studio\7.0\ArduinoSketch9\ArduinoSketch9\ArduinoCore\Debug\libArduinoCore.a(new.o)
                0x000039e0                operator new(unsigned int)
 .text._ZdlPv   0x000039e8        0x8 C:\Users\Gebruiker\Documents\Atmel Studio\7.0\ArduinoSketch9\ArduinoSketch9\ArduinoCore\Debug\libArduinoCore.a(new.o)
                0x000039e8                operator delete(void*)
 .text._ZN6SERCOMC2EP6Sercom
                0x000039f0        0x4 C:\Users\Gebruiker\Documents\Atmel Studio\7.0\ArduinoSketch9\ArduinoSketch9\ArduinoCore\Debug\libArduinoCore.a(SERCOM.o)
                0x000039f0                SERCOM::SERCOM(Sercom*)
                0x000039f0                SERCOM::SERCOM(Sercom*)
 .text._ZN6SERCOM9initFrameE18SercomUartCharSize15SercomDataOrder16SercomParityMode19SercomNumberStopBit
                0x000039f4       0x34 C:\Users\Gebruiker\Documents\Atmel Studio\7.0\ArduinoSketch9\ArduinoSketch9\ArduinoCore\Debug\libArduinoCore.a(SERCOM.o)
                0x000039f4                SERCOM::initFrame(SercomUartCharSize, SercomDataOrder, SercomParityMode, SercomNumberStopBit)
 .text._ZN6SERCOM8initPadsE15SercomUartTXPad11SercomRXPad
                0x00003a28       0x24 C:\Users\Gebruiker\Documents\Atmel Studio\7.0\ArduinoSketch9\ArduinoSketch9\ArduinoCore\Debug\libArduinoCore.a(SERCOM.o)
                0x00003a28                SERCOM::initPads(SercomUartTXPad, SercomRXPad)
 .text._ZN6SERCOM9resetUARTEv
                0x00003a4c       0x18 C:\Users\Gebruiker\Documents\Atmel Studio\7.0\ArduinoSketch9\ArduinoSketch9\ArduinoCore\Debug\libArduinoCore.a(SERCOM.o)
                0x00003a4c                SERCOM::resetUART()
 .text._ZN6SERCOM10enableUARTEv
                0x00003a64       0x12 C:\Users\Gebruiker\Documents\Atmel Studio\7.0\ArduinoSketch9\ArduinoSketch9\ArduinoCore\Debug\libArduinoCore.a(SERCOM.o)
                0x00003a64                SERCOM::enableUART()
 .text._ZN6SERCOM9flushUARTEv
                0x00003a76       0x10 C:\Users\Gebruiker\Documents\Atmel Studio\7.0\ArduinoSketch9\ArduinoSketch9\ArduinoCore\Debug\libArduinoCore.a(SERCOM.o)
                0x00003a76                SERCOM::flushUART()
 .text._ZN6SERCOM15clearStatusUARTEv
                0x00003a86        0x8 C:\Users\Gebruiker\Documents\Atmel Studio\7.0\ArduinoSketch9\ArduinoSketch9\ArduinoCore\Debug\libArduinoCore.a(SERCOM.o)
                0x00003a86                SERCOM::clearStatusUART()
 .text._ZN6SERCOM17availableDataUARTEv
                0x00003a8e        0xa C:\Users\Gebruiker\Documents\Atmel Studio\7.0\ArduinoSketch9\ArduinoSketch9\ArduinoCore\Debug\libArduinoCore.a(SERCOM.o)
                0x00003a8e                SERCOM::availableDataUART()
 .text._ZN6SERCOM11isUARTErrorEv
                0x00003a98        0x8 C:\Users\Gebruiker\Documents\Atmel Studio\7.0\ArduinoSketch9\ArduinoSketch9\ArduinoCore\Debug\libArduinoCore.a(SERCOM.o)
                0x00003a98                SERCOM::isUARTError()
 .text._ZN6SERCOM20acknowledgeUARTErrorEv
                0x00003aa0        0xe C:\Users\Gebruiker\Documents\Atmel Studio\7.0\ArduinoSketch9\ArduinoSketch9\ArduinoCore\Debug\libArduinoCore.a(SERCOM.o)
                0x00003aa0                SERCOM::acknowledgeUARTError()
 .text._ZN6SERCOM16isFrameErrorUARTEv
                0x00003aae        0xa C:\Users\Gebruiker\Documents\Atmel Studio\7.0\ArduinoSketch9\ArduinoSketch9\ArduinoCore\Debug\libArduinoCore.a(SERCOM.o)
                0x00003aae                SERCOM::isFrameErrorUART()
 .text._ZN6SERCOM19clearFrameErrorUARTEv
                0x00003ab8        0xc C:\Users\Gebruiker\Documents\Atmel Studio\7.0\ArduinoSketch9\ArduinoSketch9\ArduinoCore\Debug\libArduinoCore.a(SERCOM.o)
                0x00003ab8                SERCOM::clearFrameErrorUART()
 .text._ZN6SERCOM23isDataRegisterEmptyUARTEv
                0x00003ac4        0xa C:\Users\Gebruiker\Documents\Atmel Studio\7.0\ArduinoSketch9\ArduinoSketch9\ArduinoCore\Debug\libArduinoCore.a(SERCOM.o)
                0x00003ac4                SERCOM::isDataRegisterEmptyUART()
 .text._ZN6SERCOM12readDataUARTEv
                0x00003ace        0x8 C:\Users\Gebruiker\Documents\Atmel Studio\7.0\ArduinoSketch9\ArduinoSketch9\ArduinoCore\Debug\libArduinoCore.a(SERCOM.o)
                0x00003ace                SERCOM::readDataUART()
 .text._ZN6SERCOM13writeDataUARTEh
                0x00003ad6       0x10 C:\Users\Gebruiker\Documents\Atmel Studio\7.0\ArduinoSketch9\ArduinoSketch9\ArduinoCore\Debug\libArduinoCore.a(SERCOM.o)
                0x00003ad6                SERCOM::writeDataUART(unsigned char)
 .text._ZN6SERCOM36enableDataRegisterEmptyInterruptUARTEv
                0x00003ae6        0x8 C:\Users\Gebruiker\Documents\Atmel Studio\7.0\ArduinoSketch9\ArduinoSketch9\ArduinoCore\Debug\libArduinoCore.a(SERCOM.o)
                0x00003ae6                SERCOM::enableDataRegisterEmptyInterruptUART()
 .text._ZN6SERCOM37disableDataRegisterEmptyInterruptUARTEv
                0x00003aee        0x8 C:\Users\Gebruiker\Documents\Atmel Studio\7.0\ArduinoSketch9\ArduinoSketch9\ArduinoCore\Debug\libArduinoCore.a(SERCOM.o)
                0x00003aee                SERCOM::disableDataRegisterEmptyInterruptUART()
 .text._ZN6SERCOM9resetWIREEv
                0x00003af6       0x18 C:\Users\Gebruiker\Documents\Atmel Studio\7.0\ArduinoSketch9\ArduinoSketch9\ArduinoCore\Debug\libArduinoCore.a(SERCOM.o)
                0x00003af6                SERCOM::resetWIRE()
 .text._ZN6SERCOM10enableWIREEv
                0x00003b0e       0x26 C:\Users\Gebruiker\Documents\Atmel Studio\7.0\ArduinoSketch9\ArduinoSketch9\ArduinoCore\Debug\libArduinoCore.a(SERCOM.o)
                0x00003b0e                SERCOM::enableWIRE()
 .text._ZN6SERCOM11disableWIREEv
                0x00003b34       0x12 C:\Users\Gebruiker\Documents\Atmel Studio\7.0\ArduinoSketch9\ArduinoSketch9\ArduinoCore\Debug\libArduinoCore.a(SERCOM.o)
                0x00003b34                SERCOM::disableWIRE()
 *fill*         0x00003b46        0x2 
 .text._ZN6SERCOM22prepareCommandBitsWireEh
                0x00003b48       0x38 C:\Users\Gebruiker\Documents\Atmel Studio\7.0\ArduinoSketch9\ArduinoSketch9\ArduinoCore\Debug\libArduinoCore.a(SERCOM.o)
                0x00003b48                SERCOM::prepareCommandBitsWire(unsigned char)
 .text._ZN6SERCOM21startTransmissionWIREEh23SercomWireReadWriteFlag
                0x00003b80       0x84 C:\Users\Gebruiker\Documents\Atmel Studio\7.0\ArduinoSketch9\ArduinoSketch9\ArduinoCore\Debug\libArduinoCore.a(SERCOM.o)
                0x00003b80                SERCOM::startTransmissionWIRE(unsigned char, SercomWireReadWriteFlag)
 .text._ZN6SERCOM18sendDataMasterWIREEh
                0x00003c04       0x24 C:\Users\Gebruiker\Documents\Atmel Studio\7.0\ArduinoSketch9\ArduinoSketch9\ArduinoCore\Debug\libArduinoCore.a(SERCOM.o)
                0x00003c04                SERCOM::sendDataMasterWIRE(unsigned char)
 .text._ZN6SERCOM13initClockNVICEv
                0x00003c28       0xa8 C:\Users\Gebruiker\Documents\Atmel Studio\7.0\ArduinoSketch9\ArduinoSketch9\ArduinoCore\Debug\libArduinoCore.a(SERCOM.o)
                0x00003c28                SERCOM::initClockNVIC()
 .text._ZN6SERCOM8initUARTE14SercomUartMode20SercomUartSampleRatem
                0x00003cd0       0x64 C:\Users\Gebruiker\Documents\Atmel Studio\7.0\ArduinoSketch9\ArduinoSketch9\ArduinoCore\Debug\libArduinoCore.a(SERCOM.o)
                0x00003cd0                SERCOM::initUART(SercomUartMode, SercomUartSampleRate, unsigned long)
 .text._ZN6SERCOM14initMasterWIREEm
                0x00003d34       0x54 C:\Users\Gebruiker\Documents\Atmel Studio\7.0\ArduinoSketch9\ArduinoSketch9\ArduinoCore\Debug\libArduinoCore.a(SERCOM.o)
                0x00003d34                SERCOM::initMasterWIRE(unsigned long)
 .text._ZN4UartcvbEv
                0x00003d88        0x4 C:\Users\Gebruiker\Documents\Atmel Studio\7.0\ArduinoSketch9\ArduinoSketch9\ArduinoCore\Debug\libArduinoCore.a(Uart.o)
                0x00003d88                Uart::operator bool()
 .text._ZN4Uart5beginEm
                0x00003d8c       0x10 C:\Users\Gebruiker\Documents\Atmel Studio\7.0\ArduinoSketch9\ArduinoSketch9\ArduinoCore\Debug\libArduinoCore.a(Uart.o)
                0x00003d8c                Uart::begin(unsigned long)
 .text._ZN4Uart4peekEv
                0x00003d9c       0x1a C:\Users\Gebruiker\Documents\Atmel Studio\7.0\ArduinoSketch9\ArduinoSketch9\ArduinoCore\Debug\libArduinoCore.a(Uart.o)
                0x00003d9c                Uart::peek()
 .text._ZN4Uart3endEv
                0x00003db6       0x20 C:\Users\Gebruiker\Documents\Atmel Studio\7.0\ArduinoSketch9\ArduinoSketch9\ArduinoCore\Debug\libArduinoCore.a(Uart.o)
                0x00003db6                Uart::end()
 .text._ZN4Uart16extractNbStopBitEt
                0x00003dd6        0xc C:\Users\Gebruiker\Documents\Atmel Studio\7.0\ArduinoSketch9\ArduinoSketch9\ArduinoCore\Debug\libArduinoCore.a(Uart.o)
                0x00003dd6                Uart::extractNbStopBit(unsigned short)
 .text._ZN4Uart15extractCharSizeEt
                0x00003de2       0x28 C:\Users\Gebruiker\Documents\Atmel Studio\7.0\ArduinoSketch9\ArduinoSketch9\ArduinoCore\Debug\libArduinoCore.a(Uart.o)
                0x00003de2                Uart::extractCharSize(unsigned short)
 .text._ZN4Uart13extractParityEt
                0x00003e0a       0x14 C:\Users\Gebruiker\Documents\Atmel Studio\7.0\ArduinoSketch9\ArduinoSketch9\ArduinoCore\Debug\libArduinoCore.a(Uart.o)
                0x00003e0a                Uart::extractParity(unsigned short)
 *fill*         0x00003e1e        0x2 
 .text._ZN4Uart5beginEmt
                0x00003e20       0xf8 C:\Users\Gebruiker\Documents\Atmel Studio\7.0\ArduinoSketch9\ArduinoSketch9\ArduinoCore\Debug\libArduinoCore.a(Uart.o)
                0x00003e20                Uart::begin(unsigned long, unsigned short)
 .text._ZN11RingBufferNILi256EEC2Ev
                0x00003f18       0x1c C:\Users\Gebruiker\Documents\Atmel Studio\7.0\ArduinoSketch9\ArduinoSketch9\ArduinoCore\Debug\libArduinoCore.a(Uart.o)
                0x00003f18                RingBufferN<256>::RingBufferN()
                0x00003f18                RingBufferN<256>::RingBufferN()
 .text._ZN4UartC2EP6SERCOMhh11SercomRXPad15SercomUartTXPadhh
                0x00003f34       0x88 C:\Users\Gebruiker\Documents\Atmel Studio\7.0\ArduinoSketch9\ArduinoSketch9\ArduinoCore\Debug\libArduinoCore.a(Uart.o)
                0x00003f34                Uart::Uart(SERCOM*, unsigned char, unsigned char, SercomRXPad, SercomUartTXPad, unsigned char, unsigned char)
                0x00003f34                Uart::Uart(SERCOM*, unsigned char, unsigned char, SercomRXPad, SercomUartTXPad, unsigned char, unsigned char)
 .text._ZN4UartC2EP6SERCOMhh11SercomRXPad15SercomUartTXPad
                0x00003fbc       0x74 C:\Users\Gebruiker\Documents\Atmel Studio\7.0\ArduinoSketch9\ArduinoSketch9\ArduinoCore\Debug\libArduinoCore.a(Uart.o)
                0x00003fbc                Uart::Uart(SERCOM*, unsigned char, unsigned char, SercomRXPad, SercomUartTXPad)
                0x00003fbc                Uart::Uart(SERCOM*, unsigned char, unsigned char, SercomRXPad, SercomUartTXPad)
 .text._ZN11RingBufferNILi256EE9availableEv
                0x00004030       0x12 C:\Users\Gebruiker\Documents\Atmel Studio\7.0\ArduinoSketch9\ArduinoSketch9\ArduinoCore\Debug\libArduinoCore.a(Uart.o)
                0x00004030                RingBufferN<256>::available()
 .text._ZN4Uart5flushEv
                0x00004042       0x1a C:\Users\Gebruiker\Documents\Atmel Studio\7.0\ArduinoSketch9\ArduinoSketch9\ArduinoCore\Debug\libArduinoCore.a(Uart.o)
                0x00004042                Uart::flush()
 .text._ZN4Uart9availableEv
                0x0000405c        0xa C:\Users\Gebruiker\Documents\Atmel Studio\7.0\ArduinoSketch9\ArduinoSketch9\ArduinoCore\Debug\libArduinoCore.a(Uart.o)
                0x0000405c                Uart::available()
 .text._ZN11RingBufferNILi256EE17availableForStoreEv
                0x00004066       0x20 C:\Users\Gebruiker\Documents\Atmel Studio\7.0\ArduinoSketch9\ArduinoSketch9\ArduinoCore\Debug\libArduinoCore.a(Uart.o)
                0x00004066                RingBufferN<256>::availableForStore()
 .text._ZN4Uart17availableForWriteEv
                0x00004086        0xc C:\Users\Gebruiker\Documents\Atmel Studio\7.0\ArduinoSketch9\ArduinoSketch9\ArduinoCore\Debug\libArduinoCore.a(Uart.o)
                0x00004086                Uart::availableForWrite()
 .text._ZN4Uart10IrqHandlerEv
                0x00004092       0xcc C:\Users\Gebruiker\Documents\Atmel Studio\7.0\ArduinoSketch9\ArduinoSketch9\ArduinoCore\Debug\libArduinoCore.a(Uart.o)
                0x00004092                Uart::IrqHandler()
 *fill*         0x0000415e        0x2 
 .text._ZN4Uart5writeEh
                0x00004160       0xb4 C:\Users\Gebruiker\Documents\Atmel Studio\7.0\ArduinoSketch9\ArduinoSketch9\ArduinoCore\Debug\libArduinoCore.a(Uart.o)
                0x00004160                Uart::write(unsigned char)
 .text._ZN4Uart4readEv
                0x00004214       0x4c C:\Users\Gebruiker\Documents\Atmel Studio\7.0\ArduinoSketch9\ArduinoSketch9\ArduinoCore\Debug\libArduinoCore.a(Uart.o)
                0x00004214                Uart::read()
 .text._ZN7Serial_13getDescriptorER8USBSetup
                0x00004260        0x4 C:\Users\Gebruiker\Documents\Atmel Studio\7.0\ArduinoSketch9\ArduinoSketch9\ArduinoCore\Debug\libArduinoCore.a(CDC.o)
                0x00004260                Serial_::getDescriptor(USBSetup&)
 .text._ZThn16_N7Serial_13getDescriptorER8USBSetup
                0x00004264       0x10 C:\Users\Gebruiker\Documents\Atmel Studio\7.0\ArduinoSketch9\ArduinoSketch9\ArduinoCore\Debug\libArduinoCore.a(CDC.o)
                0x00004264                non-virtual thunk to Serial_::getDescriptor(USBSetup&)
 .text._ZL5utox8mPc
                0x00004274       0x24 C:\Users\Gebruiker\Documents\Atmel Studio\7.0\ArduinoSketch9\ArduinoSketch9\ArduinoCore\Debug\libArduinoCore.a(CDC.o)
 .text._ZN7Serial_12getShortNameEPc
                0x00004298       0x44 C:\Users\Gebruiker\Documents\Atmel Studio\7.0\ArduinoSketch9\ArduinoSketch9\ArduinoCore\Debug\libArduinoCore.a(CDC.o)
                0x00004298                Serial_::getShortName(char*)
 .text._ZThn16_N7Serial_12getShortNameEPc
                0x000042dc       0x10 C:\Users\Gebruiker\Documents\Atmel Studio\7.0\ArduinoSketch9\ArduinoSketch9\ArduinoCore\Debug\libArduinoCore.a(CDC.o)
                0x000042dc                non-virtual thunk to Serial_::getShortName(char*)
 .text._ZN7Serial_14handleEndpointEi
                0x000042ec        0x2 C:\Users\Gebruiker\Documents\Atmel Studio\7.0\ArduinoSketch9\ArduinoSketch9\ArduinoCore\Debug\libArduinoCore.a(CDC.o)
                0x000042ec                Serial_::handleEndpoint(int)
 *fill*         0x000042ee        0x2 
 .text._ZThn16_N7Serial_14handleEndpointEi
                0x000042f0       0x10 C:\Users\Gebruiker\Documents\Atmel Studio\7.0\ArduinoSketch9\ArduinoSketch9\ArduinoCore\Debug\libArduinoCore.a(CDC.o)
                0x000042f0                non-virtual thunk to Serial_::handleEndpoint(int)
 .text._ZN7Serial_17availableForWriteEv
                0x00004300        0x4 C:\Users\Gebruiker\Documents\Atmel Studio\7.0\ArduinoSketch9\ArduinoSketch9\ArduinoCore\Debug\libArduinoCore.a(CDC.o)
                0x00004300                Serial_::availableForWrite()
 .text._ZN7Serial_5writeEh
                0x00004304       0x14 C:\Users\Gebruiker\Documents\Atmel Studio\7.0\ArduinoSketch9\ArduinoSketch9\ArduinoCore\Debug\libArduinoCore.a(CDC.o)
                0x00004304                Serial_::write(unsigned char)
 .text._ZN7Serial_12getInterfaceEPh
                0x00004318      0x128 C:\Users\Gebruiker\Documents\Atmel Studio\7.0\ArduinoSketch9\ArduinoSketch9\ArduinoCore\Debug\libArduinoCore.a(CDC.o)
                0x00004318                Serial_::getInterface(unsigned char*)
 .text._ZThn16_N7Serial_12getInterfaceEPh
                0x00004440       0x10 C:\Users\Gebruiker\Documents\Atmel Studio\7.0\ArduinoSketch9\ArduinoSketch9\ArduinoCore\Debug\libArduinoCore.a(CDC.o)
                0x00004440                non-virtual thunk to Serial_::getInterface(unsigned char*)
 .text._ZN7Serial_5setupER8USBSetup
                0x00004450       0xa8 C:\Users\Gebruiker\Documents\Atmel Studio\7.0\ArduinoSketch9\ArduinoSketch9\ArduinoCore\Debug\libArduinoCore.a(CDC.o)
                0x00004450                Serial_::setup(USBSetup&)
 .text._ZThn16_N7Serial_5setupER8USBSetup
                0x000044f8       0x10 C:\Users\Gebruiker\Documents\Atmel Studio\7.0\ArduinoSketch9\ArduinoSketch9\ArduinoCore\Debug\libArduinoCore.a(CDC.o)
                0x000044f8                non-virtual thunk to Serial_::setup(USBSetup&)
 .text._ZN7Serial_9availableEv
                0x00004508       0x20 C:\Users\Gebruiker\Documents\Atmel Studio\7.0\ArduinoSketch9\ArduinoSketch9\ArduinoCore\Debug\libArduinoCore.a(CDC.o)
                0x00004508                Serial_::available()
 .text._ZN7Serial_5flushEv
                0x00004528        0xe C:\Users\Gebruiker\Documents\Atmel Studio\7.0\ArduinoSketch9\ArduinoSketch9\ArduinoCore\Debug\libArduinoCore.a(CDC.o)
                0x00004528                Serial_::flush()
 .text._ZN7Serial_5clearEv
                0x00004536        0xe C:\Users\Gebruiker\Documents\Atmel Studio\7.0\ArduinoSketch9\ArduinoSketch9\ArduinoCore\Debug\libArduinoCore.a(CDC.o)
                0x00004536                Serial_::clear()
 .text._ZN7Serial_5writeEPKhj
                0x00004544       0x1e C:\Users\Gebruiker\Documents\Atmel Studio\7.0\ArduinoSketch9\ArduinoSketch9\ArduinoCore\Debug\libArduinoCore.a(CDC.o)
                0x00004544                Serial_::write(unsigned char const*, unsigned int)
 *fill*         0x00004562        0x2 
 .text._ZN7Serial_4peekEv
                0x00004564       0x1c C:\Users\Gebruiker\Documents\Atmel Studio\7.0\ArduinoSketch9\ArduinoSketch9\ArduinoCore\Debug\libArduinoCore.a(CDC.o)
                0x00004564                Serial_::peek()
 .text._ZN7Serial_4readEv
                0x00004580       0x24 C:\Users\Gebruiker\Documents\Atmel Studio\7.0\ArduinoSketch9\ArduinoSketch9\ArduinoCore\Debug\libArduinoCore.a(CDC.o)
                0x00004580                Serial_::read()
 .text._ZN7Serial_C2ER14USBDeviceClass
                0x000045a4       0x50 C:\Users\Gebruiker\Documents\Atmel Studio\7.0\ArduinoSketch9\ArduinoSketch9\ArduinoCore\Debug\libArduinoCore.a(CDC.o)
                0x000045a4                Serial_::Serial_(USBDeviceClass&)
                0x000045a4                Serial_::Serial_(USBDeviceClass&)
 .text._ZN7Serial_15enableInterruptEv
                0x000045f4       0x30 C:\Users\Gebruiker\Documents\Atmel Studio\7.0\ArduinoSketch9\ArduinoSketch9\ArduinoCore\Debug\libArduinoCore.a(CDC.o)
                0x000045f4                Serial_::enableInterrupt()
 .text._ZN7Serial_5beginEm
                0x00004624        0x2 C:\Users\Gebruiker\Documents\Atmel Studio\7.0\ArduinoSketch9\ArduinoSketch9\ArduinoCore\Debug\libArduinoCore.a(CDC.o)
                0x00004624                Serial_::begin(unsigned long)
 *fill*         0x00004626        0x2 
 .text.startup._GLOBAL__sub_I__ZN7Serial_12getInterfaceEPh
                0x00004628       0x14 C:\Users\Gebruiker\Documents\Atmel Studio\7.0\ArduinoSketch9\ArduinoSketch9\ArduinoCore\Debug\libArduinoCore.a(CDC.o)
 .text._ZN13PluggableUSB_12getInterfaceEPh
                0x0000463c       0x28 C:\Users\Gebruiker\Documents\Atmel Studio\7.0\ArduinoSketch9\ArduinoSketch9\ArduinoCore\Debug\libArduinoCore.a(PluggableUSB.o)
                0x0000463c                PluggableUSB_::getInterface(unsigned char*)
 .text._ZN13PluggableUSB_13getDescriptorER8USBSetup
                0x00004664       0x20 C:\Users\Gebruiker\Documents\Atmel Studio\7.0\ArduinoSketch9\ArduinoSketch9\ArduinoCore\Debug\libArduinoCore.a(PluggableUSB.o)
                0x00004664                PluggableUSB_::getDescriptor(USBSetup&)
 .text._ZN13PluggableUSB_12getShortNameEPc
                0x00004684       0x26 C:\Users\Gebruiker\Documents\Atmel Studio\7.0\ArduinoSketch9\ArduinoSketch9\ArduinoCore\Debug\libArduinoCore.a(PluggableUSB.o)
                0x00004684                PluggableUSB_::getShortName(char*)
 .text._ZN13PluggableUSB_5setupER8USBSetup
                0x000046aa       0x20 C:\Users\Gebruiker\Documents\Atmel Studio\7.0\ArduinoSketch9\ArduinoSketch9\ArduinoCore\Debug\libArduinoCore.a(PluggableUSB.o)
                0x000046aa                PluggableUSB_::setup(USBSetup&)
 .text._ZN13PluggableUSB_14handleEndpointEi
                0x000046ca       0x1a C:\Users\Gebruiker\Documents\Atmel Studio\7.0\ArduinoSketch9\ArduinoSketch9\ArduinoCore\Debug\libArduinoCore.a(PluggableUSB.o)
                0x000046ca                PluggableUSB_::handleEndpoint(int)
 .text._ZN13PluggableUSB_4plugEP18PluggableUSBModule
                0x000046e4       0x58 C:\Users\Gebruiker\Documents\Atmel Studio\7.0\ArduinoSketch9\ArduinoSketch9\ArduinoCore\Debug\libArduinoCore.a(PluggableUSB.o)
                0x000046e4                PluggableUSB_::plug(PluggableUSBModule*)
 .text._Z12PluggableUSBv
                0x0000473c       0x20 C:\Users\Gebruiker\Documents\Atmel Studio\7.0\ArduinoSketch9\ArduinoSketch9\ArduinoCore\Debug\libArduinoCore.a(PluggableUSB.o)
                0x0000473c                PluggableUSB()
 .text._ZN5Print5writeEPKhj
                0x0000475c       0x28 C:\Users\Gebruiker\Documents\Atmel Studio\7.0\ArduinoSketch9\ArduinoSketch9\ArduinoCore\Debug\libArduinoCore.a(Print.o)
                0x0000475c                Print::write(unsigned char const*, unsigned int)
 .text          0x00004784       0x14 c:/program files (x86)/atmel/studio/7.0/toolchain/arm/arm-gnu-toolchain/bin/../lib/gcc/arm-none-eabi/6.3.1/thumb/v6-m\libgcc.a(_thumb1_case_uqi.o)
                0x00004784                __gnu_thumb1_case_uqi
 .text          0x00004798      0x114 c:/program files (x86)/atmel/studio/7.0/toolchain/arm/arm-gnu-toolchain/bin/../lib/gcc/arm-none-eabi/6.3.1/thumb/v6-m\libgcc.a(_udivsi3.o)
                0x00004798                __aeabi_uidiv
                0x00004798                __udivsi3
                0x000048a4                __aeabi_uidivmod
 .text          0x000048ac        0x4 c:/program files (x86)/atmel/studio/7.0/toolchain/arm/arm-gnu-toolchain/bin/../lib/gcc/arm-none-eabi/6.3.1/thumb/v6-m\libgcc.a(_dvmd_tls.o)
                0x000048ac                __aeabi_idiv0
                0x000048ac                __aeabi_ldiv0
 .text.__libc_init_array
                0x000048b0       0x48 c:/program files (x86)/atmel/studio/7.0/toolchain/arm/arm-gnu-toolchain/bin/../lib/gcc/arm-none-eabi/6.3.1/../../../../arm-none-eabi/lib/thumb/v6-m\libc_nano.a(lib_a-init.o)
                0x000048b0                __libc_init_array
 .text.malloc   0x000048f8       0x14 c:/program files (x86)/atmel/studio/7.0/toolchain/arm/arm-gnu-toolchain/bin/../lib/gcc/arm-none-eabi/6.3.1/../../../../arm-none-eabi/lib/thumb/v6-m\libc_nano.a(lib_a-malloc.o)
                0x000048f8                malloc
 .text.free     0x0000490c       0x14 c:/program files (x86)/atmel/studio/7.0/toolchain/arm/arm-gnu-toolchain/bin/../lib/gcc/arm-none-eabi/6.3.1/../../../../arm-none-eabi/lib/thumb/v6-m\libc_nano.a(lib_a-malloc.o)
                0x0000490c                free
 .text.memcpy   0x00004920       0x12 c:/program files (x86)/atmel/studio/7.0/toolchain/arm/arm-gnu-toolchain/bin/../lib/gcc/arm-none-eabi/6.3.1/../../../../arm-none-eabi/lib/thumb/v6-m\libc_nano.a(lib_a-memcpy-stub.o)
                0x00004920                memcpy
 .text.memset   0x00004932       0x10 c:/program files (x86)/atmel/studio/7.0/toolchain/arm/arm-gnu-toolchain/bin/../lib/gcc/arm-none-eabi/6.3.1/../../../../arm-none-eabi/lib/thumb/v6-m\libc_nano.a(lib_a-memset.o)
                0x00004932                memset
 *fill*         0x00004942        0x2 
 .text._free_r  0x00004944       0x94 c:/program files (x86)/atmel/studio/7.0/toolchain/arm/arm-gnu-toolchain/bin/../lib/gcc/arm-none-eabi/6.3.1/../../../../arm-none-eabi/lib/thumb/v6-m\libc_nano.a(lib_a-nano-freer.o)
                0x00004944                _free_r
 .text._malloc_r
                0x000049d8       0xbc c:/program files (x86)/atmel/studio/7.0/toolchain/arm/arm-gnu-toolchain/bin/../lib/gcc/arm-none-eabi/6.3.1/../../../../arm-none-eabi/lib/thumb/v6-m\libc_nano.a(lib_a-nano-mallocr.o)
                0x000049d8                _malloc_r
 .text._sbrk_r  0x00004a94       0x24 c:/program files (x86)/atmel/studio/7.0/toolchain/arm/arm-gnu-toolchain/bin/../lib/gcc/arm-none-eabi/6.3.1/../../../../arm-none-eabi/lib/thumb/v6-m\libc_nano.a(lib_a-sbrkr.o)
                0x00004a94                _sbrk_r
 .text          0x00004ab8        0xe c:/program files (x86)/atmel/studio/7.0/toolchain/arm/arm-gnu-toolchain/bin/../lib/gcc/arm-none-eabi/6.3.1/../../../../arm-none-eabi/lib/thumb/v6-m\libc_nano.a(lib_a-strlen.o)
                0x00004ab8                strlen
 .text.__malloc_lock
                0x00004ac6        0x2 c:/program files (x86)/atmel/studio/7.0/toolchain/arm/arm-gnu-toolchain/bin/../lib/gcc/arm-none-eabi/6.3.1/../../../../arm-none-eabi/lib/thumb/v6-m\libc_nano.a(lib_a-mlock.o)
                0x00004ac6                __malloc_lock
 .text.__malloc_unlock
                0x00004ac8        0x2 c:/program files (x86)/atmel/studio/7.0/toolchain/arm/arm-gnu-toolchain/bin/../lib/gcc/arm-none-eabi/6.3.1/../../../../arm-none-eabi/lib/thumb/v6-m\libc_nano.a(lib_a-mlock.o)
                0x00004ac8                __malloc_unlock
 *fill*         0x00004aca        0x2 
 .text._sbrk    0x00004acc       0x1c c:/program files (x86)/atmel/studio/7.0/toolchain/arm/arm-gnu-toolchain/bin/../lib/gcc/arm-none-eabi/6.3.1/../../../../arm-none-eabi/lib/thumb/v6-m\libnosys.a(sbrk.o)
                0x00004acc                _sbrk
 *(.init)
 .init          0x00004ae8        0x4 c:/program files (x86)/atmel/studio/7.0/toolchain/arm/arm-gnu-toolchain/bin/../lib/gcc/arm-none-eabi/6.3.1/thumb/v6-m/crti.o
                0x00004ae8                _init
 .init          0x00004aec        0x8 c:/program files (x86)/atmel/studio/7.0/toolchain/arm/arm-gnu-toolchain/bin/../lib/gcc/arm-none-eabi/6.3.1/thumb/v6-m/crtn.o
 *(.fini)
 .fini          0x00004af4        0x4 c:/program files (x86)/atmel/studio/7.0/toolchain/arm/arm-gnu-toolchain/bin/../lib/gcc/arm-none-eabi/6.3.1/thumb/v6-m/crti.o
                0x00004af4                _fini
 .fini          0x00004af8        0x8 c:/program files (x86)/atmel/studio/7.0/toolchain/arm/arm-gnu-toolchain/bin/../lib/gcc/arm-none-eabi/6.3.1/thumb/v6-m/crtn.o
 *crtbegin.o(.ctors)
 *crtbegin?.o(.ctors)
 *(EXCLUDE_FILE(*crtend.o *crtend?.o) .ctors)
 *(SORT(.ctors.*))
 *(.ctors)
 *crtbegin.o(.dtors)
 *crtbegin?.o(.dtors)
 *(EXCLUDE_FILE(*crtend.o *crtend?.o) .dtors)
 *(SORT(.dtors.*))
 *(.dtors)
 *(.rodata*)
 .rodata._ZTV26DoubleBufferedEPOutHandler
                0x00004b00       0x24 C:\Users\Gebruiker\Documents\Atmel Studio\7.0\ArduinoSketch9\ArduinoSketch9\ArduinoCore\Debug\libArduinoCore.a(USBCore.o)
                0x00004b00                vtable for DoubleBufferedEPOutHandler
 .rodata._ZL14STRING_PRODUCT
                0x00004b24       0x16 C:\Users\Gebruiker\Documents\Atmel Studio\7.0\ArduinoSketch9\ArduinoSketch9\ArduinoCore\Debug\libArduinoCore.a(USBCore.o)
 .rodata._ZL15STRING_LANGUAGE
                0x00004b3a        0x4 C:\Users\Gebruiker\Documents\Atmel Studio\7.0\ArduinoSketch9\ArduinoSketch9\ArduinoCore\Debug\libArduinoCore.a(USBCore.o)
 .rodata._ZL19STRING_MANUFACTURER
                0x00004b3e        0xc C:\Users\Gebruiker\Documents\Atmel Studio\7.0\ArduinoSketch9\ArduinoSketch9\ArduinoCore\Debug\libArduinoCore.a(USBCore.o)
 .rodata._ZL21USB_DeviceDescriptorB
                0x00004b4a       0x12 C:\Users\Gebruiker\Documents\Atmel Studio\7.0\ArduinoSketch9\ArduinoSketch9\ArduinoCore\Debug\libArduinoCore.a(USBCore.o)
 .rodata.g_APinDescription
                0x00004b5c      0x360 C:\Users\Gebruiker\Documents\Atmel Studio\7.0\ArduinoSketch9\ArduinoSketch9\ArduinoCore\Debug\libArduinoCore.a(variant.o)
                0x00004b5c                g_APinDescription
 .rodata._ZTV4Uart
                0x00004ebc       0x34 C:\Users\Gebruiker\Documents\Atmel Studio\7.0\ArduinoSketch9\ArduinoSketch9\ArduinoCore\Debug\libArduinoCore.a(Uart.o)
                0x00004ebc                vtable for Uart
 .rodata._ZTV7Serial_
                0x00004ef0       0x58 C:\Users\Gebruiker\Documents\Atmel Studio\7.0\ArduinoSketch9\ArduinoSketch9\ArduinoCore\Debug\libArduinoCore.a(CDC.o)
                0x00004ef0                vtable for Serial_
 *(.eh_frame*)
 .eh_frame      0x00004f48        0x0 c:/program files (x86)/atmel/studio/7.0/toolchain/arm/arm-gnu-toolchain/bin/../lib/gcc/arm-none-eabi/6.3.1/thumb/v6-m/crtbegin.o
 .eh_frame      0x00004f48        0x4 c:/program files (x86)/atmel/studio/7.0/toolchain/arm/arm-gnu-toolchain/bin/../lib/gcc/arm-none-eabi/6.3.1/thumb/v6-m/crtend.o

.glue_7         0x00004f4c        0x0
 .glue_7        0x00004f4c        0x0 linker stubs

.glue_7t        0x00004f4c        0x0
 .glue_7t       0x00004f4c        0x0 linker stubs

.vfp11_veneer   0x00004f4c        0x0
 .vfp11_veneer  0x00004f4c        0x0 linker stubs

.v4_bx          0x00004f4c        0x0
 .v4_bx         0x00004f4c        0x0 linker stubs

.iplt           0x00004f4c        0x0
 .iplt          0x00004f4c        0x0 c:/program files (x86)/atmel/studio/7.0/toolchain/arm/arm-gnu-toolchain/bin/../lib/gcc/arm-none-eabi/6.3.1/thumb/v6-m/crtbegin.o

.rel.dyn        0x00004f4c        0x0
 .rel.iplt      0x00004f4c        0x0 c:/program files (x86)/atmel/studio/7.0/toolchain/arm/arm-gnu-toolchain/bin/../lib/gcc/arm-none-eabi/6.3.1/thumb/v6-m/crtbegin.o

.ARM.extab
 *(.ARM.extab* .gnu.linkonce.armextab.*)
                0x00004f4c                __exidx_start = .

.ARM.exidx
 *(.ARM.exidx* .gnu.linkonce.armexidx.*)
                0x00004f4c                __exidx_end = .
                0x00004f4c                __etext = .

.data           0x20000000       0xa0 load address 0x00004f4c
                0x20000000                __data_start__ = .
 *(vtable)
 *(.data*)
 .data._ZL5ticks
                0x20000000        0x4 C:\Users\Gebruiker\Documents\Atmel Studio\7.0\ArduinoSketch9\ArduinoSketch9\ArduinoCore\Debug\libArduinoCore.a(Reset.o)
 .data.SystemCoreClock
                0x20000004        0x4 C:\Users\Gebruiker\Documents\Atmel Studio\7.0\ArduinoSketch9\ArduinoSketch9\ArduinoCore\Debug\libArduinoCore.a(wiring.o)
                0x20000004                SystemCoreClock
 .data._ADCResolution
                0x20000008        0x4 C:\Users\Gebruiker\Documents\Atmel Studio\7.0\ArduinoSketch9\ArduinoSketch9\ArduinoCore\Debug\libArduinoCore.a(wiring_analog.o)
 .data._readResolution
                0x2000000c        0x4 C:\Users\Gebruiker\Documents\Atmel Studio\7.0\ArduinoSketch9\ArduinoSketch9\ArduinoCore\Debug\libArduinoCore.a(wiring_analog.o)
 .data._ZL10breakValue
                0x20000010        0x4 C:\Users\Gebruiker\Documents\Atmel Studio\7.0\ArduinoSketch9\ArduinoSketch9\ArduinoCore\Debug\libArduinoCore.a(CDC.o)
 .data._ZL12_usbLineInfo
                0x20000014        0x8 C:\Users\Gebruiker\Documents\Atmel Studio\7.0\ArduinoSketch9\ArduinoSketch9\ArduinoCore\Debug\libArduinoCore.a(CDC.o)
 .data._serialPeek
                0x2000001c        0x4 C:\Users\Gebruiker\Documents\Atmel Studio\7.0\ArduinoSketch9\ArduinoSketch9\ArduinoCore\Debug\libArduinoCore.a(CDC.o)
                0x2000001c                _serialPeek
 .data._impure_ptr
                0x20000020        0x4 c:/program files (x86)/atmel/studio/7.0/toolchain/arm/arm-gnu-toolchain/bin/../lib/gcc/arm-none-eabi/6.3.1/../../../../arm-none-eabi/lib/thumb/v6-m\libc_nano.a(lib_a-impure.o)
                0x20000020                _impure_ptr
 .data.impure_data
                0x20000024       0x60 c:/program files (x86)/atmel/studio/7.0/toolchain/arm/arm-gnu-toolchain/bin/../lib/gcc/arm-none-eabi/6.3.1/../../../../arm-none-eabi/lib/thumb/v6-m\libc_nano.a(lib_a-impure.o)
                0x20000084                . = ALIGN (0x4)
                0x20000084                PROVIDE (__preinit_array_start, .)
 *(.preinit_array)
                0x20000084                PROVIDE (__preinit_array_end, .)
                0x20000084                . = ALIGN (0x4)
                0x20000084                PROVIDE (__init_array_start, .)
 *(SORT(.init_array.*))
 *(.init_array)
 .init_array    0x20000084        0x4 c:/program files (x86)/atmel/studio/7.0/toolchain/arm/arm-gnu-toolchain/bin/../lib/gcc/arm-none-eabi/6.3.1/thumb/v6-m/crtbegin.o
 .init_array    0x20000088        0x4 C:\Users\Gebruiker\Documents\Atmel Studio\7.0\ArduinoSketch9\ArduinoSketch9\ArduinoCore\Debug\libArduinoCore.a(USBCore.o)
 .init_array    0x2000008c        0x4 C:\Users\Gebruiker\Documents\Atmel Studio\7.0\ArduinoSketch9\ArduinoSketch9\ArduinoCore\Debug\libArduinoCore.a(variant.o)
 .init_array    0x20000090        0x4 C:\Users\Gebruiker\Documents\Atmel Studio\7.0\ArduinoSketch9\ArduinoSketch9\ArduinoCore\Debug\libArduinoCore.a(CDC.o)
                0x20000094                PROVIDE (__init_array_end, .)
                0x20000094                . = ALIGN (0x4)
                [!provide]                PROVIDE (__fini_array_start, .)
 *(SORT(.fini_array.*))
 *(.fini_array)
 .fini_array    0x20000094        0x4 c:/program files (x86)/atmel/studio/7.0/toolchain/arm/arm-gnu-toolchain/bin/../lib/gcc/arm-none-eabi/6.3.1/thumb/v6-m/crtbegin.o
                [!provide]                PROVIDE (__fini_array_end, .)
 *(.jcr*)
 .jcr           0x20000098        0x0 c:/program files (x86)/atmel/studio/7.0/toolchain/arm/arm-gnu-toolchain/bin/../lib/gcc/arm-none-eabi/6.3.1/thumb/v6-m/crtbegin.o
 .jcr           0x20000098        0x4 c:/program files (x86)/atmel/studio/7.0/toolchain/arm/arm-gnu-toolchain/bin/../lib/gcc/arm-none-eabi/6.3.1/thumb/v6-m/crtend.o
                0x200000a0                . = ALIGN (0x10)
 *fill*         0x2000009c        0x4 
                0x200000a0                __data_end__ = .

.igot.plt       0x200000a0        0x0 load address 0x00004fec
 .igot.plt      0x200000a0        0x0 c:/program files (x86)/atmel/studio/7.0/toolchain/arm/arm-gnu-toolchain/bin/../lib/gcc/arm-none-eabi/6.3.1/thumb/v6-m/crtbegin.o

.bss            0x200000a0      0xae8 load address 0x00004fec
                0x200000a0                . = ALIGN (0x4)
                0x200000a0                __bss_start__ = .
 *(.bss*)
 .bss           0x200000a0       0x1c c:/program files (x86)/atmel/studio/7.0/toolchain/arm/arm-gnu-toolchain/bin/../lib/gcc/arm-none-eabi/6.3.1/thumb/v6-m/crtbegin.o
 .bss.usb_isr   0x200000bc        0x4 C:\Users\Gebruiker\Documents\Atmel Studio\7.0\ArduinoSketch9\ArduinoSketch9\ArduinoCore\Debug\libArduinoCore.a(cortex_handlers.o)
 .bss._ulTickCount
                0x200000c0        0x4 C:\Users\Gebruiker\Documents\Atmel Studio\7.0\ArduinoSketch9\ArduinoSketch9\ArduinoCore\Debug\libArduinoCore.a(delay.o)
 .bss.EndPoints
                0x200000c4       0x28 C:\Users\Gebruiker\Documents\Atmel Studio\7.0\ArduinoSketch9\ArduinoSketch9\ArduinoCore\Debug\libArduinoCore.a(USBCore.o)
                0x200000c4                EndPoints
 .bss.USBDevice
                0x200000ec        0x1 C:\Users\Gebruiker\Documents\Atmel Studio\7.0\ArduinoSketch9\ArduinoSketch9\ArduinoCore\Debug\libArduinoCore.a(USBCore.o)
                0x200000ec                USBDevice
 *fill*         0x200000ed        0x3 
 .bss._ZL10epHandlers
                0x200000f0       0x1c C:\Users\Gebruiker\Documents\Atmel Studio\7.0\ArduinoSketch9\ArduinoSketch9\ArduinoCore\Debug\libArduinoCore.a(USBCore.o)
 .bss._ZL14isEndpointHalt
                0x2000010c        0x1 C:\Users\Gebruiker\Documents\Atmel Studio\7.0\ArduinoSketch9\ArduinoSketch9\ArduinoCore\Debug\libArduinoCore.a(USBCore.o)
 .bss._ZL20LastTransmitTimedOut
                0x2000010d        0x7 C:\Users\Gebruiker\Documents\Atmel Studio\7.0\ArduinoSketch9\ArduinoSketch9\ArduinoCore\Debug\libArduinoCore.a(USBCore.o)
 .bss._ZL21isRemoteWakeUpEnabled
                0x20000114        0x1 C:\Users\Gebruiker\Documents\Atmel Studio\7.0\ArduinoSketch9\ArduinoSketch9\ArduinoCore\Debug\libArduinoCore.a(USBCore.o)
 *fill*         0x20000115        0x3 
 .bss._ZL22udd_ep_in_cache_buffer
                0x20000118      0x1c0 C:\Users\Gebruiker\Documents\Atmel Studio\7.0\ArduinoSketch9\ArduinoSketch9\ArduinoCore\Debug\libArduinoCore.a(USBCore.o)
 .bss._ZL23udd_ep_out_cache_buffer
                0x200002d8      0x1c0 C:\Users\Gebruiker\Documents\Atmel Studio\7.0\ArduinoSketch9\ArduinoSketch9\ArduinoCore\Debug\libArduinoCore.a(USBCore.o)
 .bss._dry_run  0x20000498        0x1 C:\Users\Gebruiker\Documents\Atmel Studio\7.0\ArduinoSketch9\ArduinoSketch9\ArduinoCore\Debug\libArduinoCore.a(USBCore.o)
                0x20000498                _dry_run
 .bss._pack_buffer
                0x20000499      0x100 C:\Users\Gebruiker\Documents\Atmel Studio\7.0\ArduinoSketch9\ArduinoSketch9\ArduinoCore\Debug\libArduinoCore.a(USBCore.o)
                0x20000499                _pack_buffer
 .bss._pack_message
                0x20000599        0x1 C:\Users\Gebruiker\Documents\Atmel Studio\7.0\ArduinoSketch9\ArduinoSketch9\ArduinoCore\Debug\libArduinoCore.a(USBCore.o)
                0x20000599                _pack_message
 .bss._pack_size
                0x2000059a        0x2 C:\Users\Gebruiker\Documents\Atmel Studio\7.0\ArduinoSketch9\ArduinoSketch9\ArduinoCore\Debug\libArduinoCore.a(USBCore.o)
                0x2000059a                _pack_size
 .bss._usbConfiguration
                0x2000059c        0x4 C:\Users\Gebruiker\Documents\Atmel Studio\7.0\ArduinoSketch9\ArduinoSketch9\ArduinoCore\Debug\libArduinoCore.a(USBCore.o)
                0x2000059c                _usbConfiguration
 .bss._usbSetInterface
                0x200005a0        0x4 C:\Users\Gebruiker\Documents\Atmel Studio\7.0\ArduinoSketch9\ArduinoSketch9\ArduinoCore\Debug\libArduinoCore.a(USBCore.o)
                0x200005a0                _usbSetInterface
 .bss.usbd      0x200005a4      0x104 C:\Users\Gebruiker\Documents\Atmel Studio\7.0\ArduinoSketch9\ArduinoSketch9\ArduinoCore\Debug\libArduinoCore.a(USBCore.o)
                0x200005a4                usbd
 .bss.Serial1   0x200006a8      0x23c C:\Users\Gebruiker\Documents\Atmel Studio\7.0\ArduinoSketch9\ArduinoSketch9\ArduinoCore\Debug\libArduinoCore.a(variant.o)
                0x200006a8                Serial1
 .bss.Serial2   0x200008e4      0x23c C:\Users\Gebruiker\Documents\Atmel Studio\7.0\ArduinoSketch9\ArduinoSketch9\ArduinoCore\Debug\libArduinoCore.a(variant.o)
                0x200008e4                Serial2
 .bss.sercom0   0x20000b20        0x4 C:\Users\Gebruiker\Documents\Atmel Studio\7.0\ArduinoSketch9\ArduinoSketch9\ArduinoCore\Debug\libArduinoCore.a(variant.o)
                0x20000b20                sercom0
 .bss.sercom1   0x20000b24        0x4 C:\Users\Gebruiker\Documents\Atmel Studio\7.0\ArduinoSketch9\ArduinoSketch9\ArduinoCore\Debug\libArduinoCore.a(variant.o)
                0x20000b24                sercom1
 .bss.sercom2   0x20000b28        0x4 C:\Users\Gebruiker\Documents\Atmel Studio\7.0\ArduinoSketch9\ArduinoSketch9\ArduinoCore\Debug\libArduinoCore.a(variant.o)
                0x20000b28                sercom2
 .bss.sercom3   0x20000b2c        0x4 C:\Users\Gebruiker\Documents\Atmel Studio\7.0\ArduinoSketch9\ArduinoSketch9\ArduinoCore\Debug\libArduinoCore.a(variant.o)
                0x20000b2c                sercom3
 .bss.sercom4   0x20000b30        0x4 C:\Users\Gebruiker\Documents\Atmel Studio\7.0\ArduinoSketch9\ArduinoSketch9\ArduinoCore\Debug\libArduinoCore.a(variant.o)
                0x20000b30                sercom4
 .bss.sercom5   0x20000b34        0x4 C:\Users\Gebruiker\Documents\Atmel Studio\7.0\ArduinoSketch9\ArduinoSketch9\ArduinoCore\Debug\libArduinoCore.a(variant.o)
                0x20000b34                sercom5
 .bss.SerialUSB
                0x20000b38       0x34 C:\Users\Gebruiker\Documents\Atmel Studio\7.0\ArduinoSketch9\ArduinoSketch9\ArduinoCore\Debug\libArduinoCore.a(CDC.o)
                0x20000b38                SerialUSB
 .bss._ZGVZ12PluggableUSBvE3obj
                0x20000b6c        0x4 C:\Users\Gebruiker\Documents\Atmel Studio\7.0\ArduinoSketch9\ArduinoSketch9\ArduinoCore\Debug\libArduinoCore.a(PluggableUSB.o)
 .bss._ZZ12PluggableUSBvE3obj
                0x20000b70        0x8 C:\Users\Gebruiker\Documents\Atmel Studio\7.0\ArduinoSketch9\ArduinoSketch9\ArduinoCore\Debug\libArduinoCore.a(PluggableUSB.o)
 .bss.__malloc_free_list
                0x20000b78        0x4 c:/program files (x86)/atmel/studio/7.0/toolchain/arm/arm-gnu-toolchain/bin/../lib/gcc/arm-none-eabi/6.3.1/../../../../arm-none-eabi/lib/thumb/v6-m\libc_nano.a(lib_a-nano-mallocr.o)
                0x20000b78                __malloc_free_list
 .bss.__malloc_sbrk_start
                0x20000b7c        0x4 c:/program files (x86)/atmel/studio/7.0/toolchain/arm/arm-gnu-toolchain/bin/../lib/gcc/arm-none-eabi/6.3.1/../../../../arm-none-eabi/lib/thumb/v6-m\libc_nano.a(lib_a-nano-mallocr.o)
                0x20000b7c                __malloc_sbrk_start
 .bss.heap_end.4116
                0x20000b80        0x4 c:/program files (x86)/atmel/studio/7.0/toolchain/arm/arm-gnu-toolchain/bin/../lib/gcc/arm-none-eabi/6.3.1/../../../../arm-none-eabi/lib/thumb/v6-m\libnosys.a(sbrk.o)
 *(COMMON)
 COMMON         0x20000b84        0x4 c:/program files (x86)/atmel/studio/7.0/toolchain/arm/arm-gnu-toolchain/bin/../lib/gcc/arm-none-eabi/6.3.1/../../../../arm-none-eabi/lib/thumb/v6-m\libc_nano.a(lib_a-reent.o)
                0x20000b84                errno
                0x20000b88                . = ALIGN (0x4)
                0x20000b88                __bss_end__ = .

.heap           0x20000b88        0x0
                0x20000b88                __end__ = .
                0x20000b88                PROVIDE (end, .)
 *(.heap*)
                0x20000b88                __HeapLimit = .

.stack_dummy    0x20000b88        0x0
 *(.stack*)
                0x20008000                __StackTop = (ORIGIN (RAM) + LENGTH (RAM))
                0x20008000                __StackLimit = (__StackTop - SIZEOF (.stack_dummy))
                0x20008000                PROVIDE (__stack, __StackTop)
                0x20007fff                __ram_end__ = ((ORIGIN (RAM) + LENGTH (RAM)) - 0x1)
                0x00000001                ASSERT ((__StackLimit >= __HeapLimit), region RAM overflowed with stack)
OUTPUT(Arduino_template_v1.elf elf32-littlearm)

.ARM.attributes
                0x00000000       0x28
 .ARM.attributes
                0x00000000       0x1e c:/program files (x86)/atmel/studio/7.0/toolchain/arm/arm-gnu-toolchain/bin/../lib/gcc/arm-none-eabi/6.3.1/thumb/v6-m/crti.o
 .ARM.attributes
                0x0000001e       0x2c c:/program files (x86)/atmel/studio/7.0/toolchain/arm/arm-gnu-toolchain/bin/../lib/gcc/arm-none-eabi/6.3.1/thumb/v6-m/crtbegin.o
 .ARM.attributes
                0x0000004a       0x32 Sketch.o
 .ARM.attributes
                0x0000007c       0x32 C:\Users\Gebruiker\Documents\Atmel Studio\7.0\ArduinoSketch9\ArduinoSketch9\ArduinoCore\Debug\libArduinoCore.a(cortex_handlers.o)
 .ARM.attributes
                0x000000ae       0x32 C:\Users\Gebruiker\Documents\Atmel Studio\7.0\ArduinoSketch9\ArduinoSketch9\ArduinoCore\Debug\libArduinoCore.a(delay.o)
 .ARM.attributes
                0x000000e0       0x32 C:\Users\Gebruiker\Documents\Atmel Studio\7.0\ArduinoSketch9\ArduinoSketch9\ArduinoCore\Debug\libArduinoCore.a(hooks.o)
 .ARM.attributes
                0x00000112       0x32 C:\Users\Gebruiker\Documents\Atmel Studio\7.0\ArduinoSketch9\ArduinoSketch9\ArduinoCore\Debug\libArduinoCore.a(main.o)
 .ARM.attributes
                0x00000144       0x32 C:\Users\Gebruiker\Documents\Atmel Studio\7.0\ArduinoSketch9\ArduinoSketch9\ArduinoCore\Debug\libArduinoCore.a(Reset.o)
 .ARM.attributes
                0x00000176       0x32 C:\Users\Gebruiker\Documents\Atmel Studio\7.0\ArduinoSketch9\ArduinoSketch9\ArduinoCore\Debug\libArduinoCore.a(startup.o)
 .ARM.attributes
                0x000001a8       0x32 C:\Users\Gebruiker\Documents\Atmel Studio\7.0\ArduinoSketch9\ArduinoSketch9\ArduinoCore\Debug\libArduinoCore.a(USBCore.o)
 .ARM.attributes
                0x000001da       0x32 C:\Users\Gebruiker\Documents\Atmel Studio\7.0\ArduinoSketch9\ArduinoSketch9\ArduinoCore\Debug\libArduinoCore.a(wiring.o)
 .ARM.attributes
                0x0000020c       0x32 C:\Users\Gebruiker\Documents\Atmel Studio\7.0\ArduinoSketch9\ArduinoSketch9\ArduinoCore\Debug\libArduinoCore.a(wiring_analog.o)
 .ARM.attributes
                0x0000023e       0x32 C:\Users\Gebruiker\Documents\Atmel Studio\7.0\ArduinoSketch9\ArduinoSketch9\ArduinoCore\Debug\libArduinoCore.a(wiring_digital.o)
 .ARM.attributes
                0x00000270       0x32 C:\Users\Gebruiker\Documents\Atmel Studio\7.0\ArduinoSketch9\ArduinoSketch9\ArduinoCore\Debug\libArduinoCore.a(wiring_private.o)
 .ARM.attributes
                0x000002a2       0x32 C:\Users\Gebruiker\Documents\Atmel Studio\7.0\ArduinoSketch9\ArduinoSketch9\ArduinoCore\Debug\libArduinoCore.a(variant.o)
 .ARM.attributes
                0x000002d4       0x32 C:\Users\Gebruiker\Documents\Atmel Studio\7.0\ArduinoSketch9\ArduinoSketch9\ArduinoCore\Debug\libArduinoCore.a(new.o)
 .ARM.attributes
                0x00000306       0x32 C:\Users\Gebruiker\Documents\Atmel Studio\7.0\ArduinoSketch9\ArduinoSketch9\ArduinoCore\Debug\libArduinoCore.a(SERCOM.o)
 .ARM.attributes
                0x00000338       0x32 C:\Users\Gebruiker\Documents\Atmel Studio\7.0\ArduinoSketch9\ArduinoSketch9\ArduinoCore\Debug\libArduinoCore.a(Uart.o)
 .ARM.attributes
                0x0000036a       0x32 C:\Users\Gebruiker\Documents\Atmel Studio\7.0\ArduinoSketch9\ArduinoSketch9\ArduinoCore\Debug\libArduinoCore.a(CDC.o)
 .ARM.attributes
                0x0000039c       0x32 C:\Users\Gebruiker\Documents\Atmel Studio\7.0\ArduinoSketch9\ArduinoSketch9\ArduinoCore\Debug\libArduinoCore.a(PluggableUSB.o)
 .ARM.attributes
                0x000003ce       0x32 C:\Users\Gebruiker\Documents\Atmel Studio\7.0\ArduinoSketch9\ArduinoSketch9\ArduinoCore\Debug\libArduinoCore.a(Print.o)
 .ARM.attributes
                0x00000400       0x1e c:/program files (x86)/atmel/studio/7.0/toolchain/arm/arm-gnu-toolchain/bin/../lib/gcc/arm-none-eabi/6.3.1/thumb/v6-m\libgcc.a(_thumb1_case_uqi.o)
 .ARM.attributes
                0x0000041e       0x1e c:/program files (x86)/atmel/studio/7.0/toolchain/arm/arm-gnu-toolchain/bin/../lib/gcc/arm-none-eabi/6.3.1/thumb/v6-m\libgcc.a(_udivsi3.o)
 .ARM.attributes
                0x0000043c       0x1e c:/program files (x86)/atmel/studio/7.0/toolchain/arm/arm-gnu-toolchain/bin/../lib/gcc/arm-none-eabi/6.3.1/thumb/v6-m\libgcc.a(_dvmd_tls.o)
 .ARM.attributes
                0x0000045a       0x2c c:/program files (x86)/atmel/studio/7.0/toolchain/arm/arm-gnu-toolchain/bin/../lib/gcc/arm-none-eabi/6.3.1/../../../../arm-none-eabi/lib/thumb/v6-m\libc_nano.a(lib_a-impure.o)
 .ARM.attributes
                0x00000486       0x2c c:/program files (x86)/atmel/studio/7.0/toolchain/arm/arm-gnu-toolchain/bin/../lib/gcc/arm-none-eabi/6.3.1/../../../../arm-none-eabi/lib/thumb/v6-m\libc_nano.a(lib_a-init.o)
 .ARM.attributes
                0x000004b2       0x2c c:/program files (x86)/atmel/studio/7.0/toolchain/arm/arm-gnu-toolchain/bin/../lib/gcc/arm-none-eabi/6.3.1/../../../../arm-none-eabi/lib/thumb/v6-m\libc_nano.a(lib_a-malloc.o)
 .ARM.attributes
                0x000004de       0x2c c:/program files (x86)/atmel/studio/7.0/toolchain/arm/arm-gnu-toolchain/bin/../lib/gcc/arm-none-eabi/6.3.1/../../../../arm-none-eabi/lib/thumb/v6-m\libc_nano.a(lib_a-memcpy-stub.o)
 .ARM.attributes
                0x0000050a       0x2c c:/program files (x86)/atmel/studio/7.0/toolchain/arm/arm-gnu-toolchain/bin/../lib/gcc/arm-none-eabi/6.3.1/../../../../arm-none-eabi/lib/thumb/v6-m\libc_nano.a(lib_a-memset.o)
 .ARM.attributes
                0x00000536       0x2c c:/program files (x86)/atmel/studio/7.0/toolchain/arm/arm-gnu-toolchain/bin/../lib/gcc/arm-none-eabi/6.3.1/../../../../arm-none-eabi/lib/thumb/v6-m\libc_nano.a(lib_a-nano-freer.o)
 .ARM.attributes
                0x00000562       0x2c c:/program files (x86)/atmel/studio/7.0/toolchain/arm/arm-gnu-toolchain/bin/../lib/gcc/arm-none-eabi/6.3.1/../../../../arm-none-eabi/lib/thumb/v6-m\libc_nano.a(lib_a-nano-mallocr.o)
 .ARM.attributes
                0x0000058e       0x2c c:/program files (x86)/atmel/studio/7.0/toolchain/arm/arm-gnu-toolchain/bin/../lib/gcc/arm-none-eabi/6.3.1/../../../../arm-none-eabi/lib/thumb/v6-m\libc_nano.a(lib_a-sbrkr.o)
 .ARM.attributes
                0x000005ba       0x1c c:/program files (x86)/atmel/studio/7.0/toolchain/arm/arm-gnu-toolchain/bin/../lib/gcc/arm-none-eabi/6.3.1/../../../../arm-none-eabi/lib/thumb/v6-m\libc_nano.a(lib_a-strlen.o)
 .ARM.attributes
                0x000005d6       0x2c c:/program files (x86)/atmel/studio/7.0/toolchain/arm/arm-gnu-toolchain/bin/../lib/gcc/arm-none-eabi/6.3.1/../../../../arm-none-eabi/lib/thumb/v6-m\libc_nano.a(lib_a-mlock.o)
 .ARM.attributes
                0x00000602       0x2c c:/program files (x86)/atmel/studio/7.0/toolchain/arm/arm-gnu-toolchain/bin/../lib/gcc/arm-none-eabi/6.3.1/../../../../arm-none-eabi/lib/thumb/v6-m\libc_nano.a(lib_a-reent.o)
 .ARM.attributes
                0x0000062e       0x2c c:/program files (x86)/atmel/studio/7.0/toolchain/arm/arm-gnu-toolchain/bin/../lib/gcc/arm-none-eabi/6.3.1/../../../../arm-none-eabi/lib/thumb/v6-m\libnosys.a(sbrk.o)
 .ARM.attributes
                0x0000065a       0x2c c:/program files (x86)/atmel/studio/7.0/toolchain/arm/arm-gnu-toolchain/bin/../lib/gcc/arm-none-eabi/6.3.1/thumb/v6-m/crtend.o
 .ARM.attributes
                0x00000686       0x1e c:/program files (x86)/atmel/studio/7.0/toolchain/arm/arm-gnu-toolchain/bin/../lib/gcc/arm-none-eabi/6.3.1/thumb/v6-m/crtn.o

.comment        0x00000000       0x59
 .comment       0x00000000       0x59 Sketch.o
                                 0x5a (size before relaxing)
 .comment       0x00000059       0x5a C:\Users\Gebruiker\Documents\Atmel Studio\7.0\ArduinoSketch9\ArduinoSketch9\ArduinoCore\Debug\libArduinoCore.a(cortex_handlers.o)
 .comment       0x00000059       0x5a C:\Users\Gebruiker\Documents\Atmel Studio\7.0\ArduinoSketch9\ArduinoSketch9\ArduinoCore\Debug\libArduinoCore.a(delay.o)
 .comment       0x00000059       0x5a C:\Users\Gebruiker\Documents\Atmel Studio\7.0\ArduinoSketch9\ArduinoSketch9\ArduinoCore\Debug\libArduinoCore.a(hooks.o)
 .comment       0x00000059       0x5a C:\Users\Gebruiker\Documents\Atmel Studio\7.0\ArduinoSketch9\ArduinoSketch9\ArduinoCore\Debug\libArduinoCore.a(main.o)
 .comment       0x00000059       0x5a C:\Users\Gebruiker\Documents\Atmel Studio\7.0\ArduinoSketch9\ArduinoSketch9\ArduinoCore\Debug\libArduinoCore.a(Reset.o)
 .comment       0x00000059       0x5a C:\Users\Gebruiker\Documents\Atmel Studio\7.0\ArduinoSketch9\ArduinoSketch9\ArduinoCore\Debug\libArduinoCore.a(startup.o)
 .comment       0x00000059       0x5a C:\Users\Gebruiker\Documents\Atmel Studio\7.0\ArduinoSketch9\ArduinoSketch9\ArduinoCore\Debug\libArduinoCore.a(USBCore.o)
 .comment       0x00000059       0x5a C:\Users\Gebruiker\Documents\Atmel Studio\7.0\ArduinoSketch9\ArduinoSketch9\ArduinoCore\Debug\libArduinoCore.a(wiring.o)
 .comment       0x00000059       0x5a C:\Users\Gebruiker\Documents\Atmel Studio\7.0\ArduinoSketch9\ArduinoSketch9\ArduinoCore\Debug\libArduinoCore.a(wiring_analog.o)
 .comment       0x00000059       0x5a C:\Users\Gebruiker\Documents\Atmel Studio\7.0\ArduinoSketch9\ArduinoSketch9\ArduinoCore\Debug\libArduinoCore.a(wiring_digital.o)
 .comment       0x00000059       0x5a C:\Users\Gebruiker\Documents\Atmel Studio\7.0\ArduinoSketch9\ArduinoSketch9\ArduinoCore\Debug\libArduinoCore.a(wiring_private.o)
 .comment       0x00000059       0x5a C:\Users\Gebruiker\Documents\Atmel Studio\7.0\ArduinoSketch9\ArduinoSketch9\ArduinoCore\Debug\libArduinoCore.a(variant.o)
 .comment       0x00000059       0x5a C:\Users\Gebruiker\Documents\Atmel Studio\7.0\ArduinoSketch9\ArduinoSketch9\ArduinoCore\Debug\libArduinoCore.a(new.o)
 .comment       0x00000059       0x5a C:\Users\Gebruiker\Documents\Atmel Studio\7.0\ArduinoSketch9\ArduinoSketch9\ArduinoCore\Debug\libArduinoCore.a(SERCOM.o)
 .comment       0x00000059       0x5a C:\Users\Gebruiker\Documents\Atmel Studio\7.0\ArduinoSketch9\ArduinoSketch9\ArduinoCore\Debug\libArduinoCore.a(Uart.o)
 .comment       0x00000059       0x5a C:\Users\Gebruiker\Documents\Atmel Studio\7.0\ArduinoSketch9\ArduinoSketch9\ArduinoCore\Debug\libArduinoCore.a(CDC.o)
 .comment       0x00000059       0x5a C:\Users\Gebruiker\Documents\Atmel Studio\7.0\ArduinoSketch9\ArduinoSketch9\ArduinoCore\Debug\libArduinoCore.a(PluggableUSB.o)
 .comment       0x00000059       0x5a C:\Users\Gebruiker\Documents\Atmel Studio\7.0\ArduinoSketch9\ArduinoSketch9\ArduinoCore\Debug\libArduinoCore.a(Print.o)

.debug_info     0x00000000    0x54c29
 .debug_info    0x00000000     0x47ff Sketch.o
 .debug_info    0x000047ff     0x126f C:\Users\Gebruiker\Documents\Atmel Studio\7.0\ArduinoSketch9\ArduinoSketch9\ArduinoCore\Debug\libArduinoCore.a(cortex_handlers.o)
 .debug_info    0x00005a6e     0x14dc C:\Users\Gebruiker\Documents\Atmel Studio\7.0\ArduinoSketch9\ArduinoSketch9\ArduinoCore\Debug\libArduinoCore.a(delay.o)
 .debug_info    0x00006f4a       0x72 C:\Users\Gebruiker\Documents\Atmel Studio\7.0\ArduinoSketch9\ArduinoSketch9\ArduinoCore\Debug\libArduinoCore.a(hooks.o)
 .debug_info    0x00006fbc     0x4848 C:\Users\Gebruiker\Documents\Atmel Studio\7.0\ArduinoSketch9\ArduinoSketch9\ArduinoCore\Debug\libArduinoCore.a(main.o)
 .debug_info    0x0000b804     0x4e4a C:\Users\Gebruiker\Documents\Atmel Studio\7.0\ArduinoSketch9\ArduinoSketch9\ArduinoCore\Debug\libArduinoCore.a(Reset.o)
 .debug_info    0x0001064e     0x387d C:\Users\Gebruiker\Documents\Atmel Studio\7.0\ArduinoSketch9\ArduinoSketch9\ArduinoCore\Debug\libArduinoCore.a(startup.o)
 .debug_info    0x00013ecb     0xcbbb C:\Users\Gebruiker\Documents\Atmel Studio\7.0\ArduinoSketch9\ArduinoSketch9\ArduinoCore\Debug\libArduinoCore.a(USBCore.o)
 .debug_info    0x00020a86     0x3042 C:\Users\Gebruiker\Documents\Atmel Studio\7.0\ArduinoSketch9\ArduinoSketch9\ArduinoCore\Debug\libArduinoCore.a(wiring.o)
 .debug_info    0x00023ac8     0x5476 C:\Users\Gebruiker\Documents\Atmel Studio\7.0\ArduinoSketch9\ArduinoSketch9\ArduinoCore\Debug\libArduinoCore.a(wiring_analog.o)
 .debug_info    0x00028f3e     0x1963 C:\Users\Gebruiker\Documents\Atmel Studio\7.0\ArduinoSketch9\ArduinoSketch9\ArduinoCore\Debug\libArduinoCore.a(wiring_digital.o)
 .debug_info    0x0002a8a1     0x1946 C:\Users\Gebruiker\Documents\Atmel Studio\7.0\ArduinoSketch9\ArduinoSketch9\ArduinoCore\Debug\libArduinoCore.a(wiring_private.o)
 .debug_info    0x0002c1e7     0x793b C:\Users\Gebruiker\Documents\Atmel Studio\7.0\ArduinoSketch9\ArduinoSketch9\ArduinoCore\Debug\libArduinoCore.a(variant.o)
 .debug_info    0x00033b22     0x107d C:\Users\Gebruiker\Documents\Atmel Studio\7.0\ArduinoSketch9\ArduinoSketch9\ArduinoCore\Debug\libArduinoCore.a(new.o)
 .debug_info    0x00034b9f     0x5e2a C:\Users\Gebruiker\Documents\Atmel Studio\7.0\ArduinoSketch9\ArduinoSketch9\ArduinoCore\Debug\libArduinoCore.a(SERCOM.o)
 .debug_info    0x0003a9c9     0x79c1 C:\Users\Gebruiker\Documents\Atmel Studio\7.0\ArduinoSketch9\ArduinoSketch9\ArduinoCore\Debug\libArduinoCore.a(Uart.o)
 .debug_info    0x0004238a     0x9c01 C:\Users\Gebruiker\Documents\Atmel Studio\7.0\ArduinoSketch9\ArduinoSketch9\ArduinoCore\Debug\libArduinoCore.a(CDC.o)
 .debug_info    0x0004bf8b     0x1c76 C:\Users\Gebruiker\Documents\Atmel Studio\7.0\ArduinoSketch9\ArduinoSketch9\ArduinoCore\Debug\libArduinoCore.a(PluggableUSB.o)
 .debug_info    0x0004dc01     0x7028 C:\Users\Gebruiker\Documents\Atmel Studio\7.0\ArduinoSketch9\ArduinoSketch9\ArduinoCore\Debug\libArduinoCore.a(Print.o)

.debug_abbrev   0x00000000     0x6024
 .debug_abbrev  0x00000000      0x4aa Sketch.o
 .debug_abbrev  0x000004aa      0x298 C:\Users\Gebruiker\Documents\Atmel Studio\7.0\ArduinoSketch9\ArduinoSketch9\ArduinoCore\Debug\libArduinoCore.a(cortex_handlers.o)
 .debug_abbrev  0x00000742      0x2d2 C:\Users\Gebruiker\Documents\Atmel Studio\7.0\ArduinoSketch9\ArduinoSketch9\ArduinoCore\Debug\libArduinoCore.a(delay.o)
 .debug_abbrev  0x00000a14       0x4e C:\Users\Gebruiker\Documents\Atmel Studio\7.0\ArduinoSketch9\ArduinoSketch9\ArduinoCore\Debug\libArduinoCore.a(hooks.o)
 .debug_abbrev  0x00000a62      0x4da C:\Users\Gebruiker\Documents\Atmel Studio\7.0\ArduinoSketch9\ArduinoSketch9\ArduinoCore\Debug\libArduinoCore.a(main.o)
 .debug_abbrev  0x00000f3c      0x589 C:\Users\Gebruiker\Documents\Atmel Studio\7.0\ArduinoSketch9\ArduinoSketch9\ArduinoCore\Debug\libArduinoCore.a(Reset.o)
 .debug_abbrev  0x000014c5      0x28f C:\Users\Gebruiker\Documents\Atmel Studio\7.0\ArduinoSketch9\ArduinoSketch9\ArduinoCore\Debug\libArduinoCore.a(startup.o)
 .debug_abbrev  0x00001754      0xbf5 C:\Users\Gebruiker\Documents\Atmel Studio\7.0\ArduinoSketch9\ArduinoSketch9\ArduinoCore\Debug\libArduinoCore.a(USBCore.o)
 .debug_abbrev  0x00002349      0x35c C:\Users\Gebruiker\Documents\Atmel Studio\7.0\ArduinoSketch9\ArduinoSketch9\ArduinoCore\Debug\libArduinoCore.a(wiring.o)
 .debug_abbrev  0x000026a5      0x450 C:\Users\Gebruiker\Documents\Atmel Studio\7.0\ArduinoSketch9\ArduinoSketch9\ArduinoCore\Debug\libArduinoCore.a(wiring_analog.o)
 .debug_abbrev  0x00002af5      0x2fd C:\Users\Gebruiker\Documents\Atmel Studio\7.0\ArduinoSketch9\ArduinoSketch9\ArduinoCore\Debug\libArduinoCore.a(wiring_digital.o)
 .debug_abbrev  0x00002df2      0x2ea C:\Users\Gebruiker\Documents\Atmel Studio\7.0\ArduinoSketch9\ArduinoSketch9\ArduinoCore\Debug\libArduinoCore.a(wiring_private.o)
 .debug_abbrev  0x000030dc      0x5f9 C:\Users\Gebruiker\Documents\Atmel Studio\7.0\ArduinoSketch9\ArduinoSketch9\ArduinoCore\Debug\libArduinoCore.a(variant.o)
 .debug_abbrev  0x000036d5      0x2e5 C:\Users\Gebruiker\Documents\Atmel Studio\7.0\ArduinoSketch9\ArduinoSketch9\ArduinoCore\Debug\libArduinoCore.a(new.o)
 .debug_abbrev  0x000039ba      0x75a C:\Users\Gebruiker\Documents\Atmel Studio\7.0\ArduinoSketch9\ArduinoSketch9\ArduinoCore\Debug\libArduinoCore.a(SERCOM.o)
 .debug_abbrev  0x00004114      0x815 C:\Users\Gebruiker\Documents\Atmel Studio\7.0\ArduinoSketch9\ArduinoSketch9\ArduinoCore\Debug\libArduinoCore.a(Uart.o)
 .debug_abbrev  0x00004929      0xa50 C:\Users\Gebruiker\Documents\Atmel Studio\7.0\ArduinoSketch9\ArduinoSketch9\ArduinoCore\Debug\libArduinoCore.a(CDC.o)
 .debug_abbrev  0x00005379      0x51c C:\Users\Gebruiker\Documents\Atmel Studio\7.0\ArduinoSketch9\ArduinoSketch9\ArduinoCore\Debug\libArduinoCore.a(PluggableUSB.o)
 .debug_abbrev  0x00005895      0x78f C:\Users\Gebruiker\Documents\Atmel Studio\7.0\ArduinoSketch9\ArduinoSketch9\ArduinoCore\Debug\libArduinoCore.a(Print.o)

.debug_loc      0x00000000     0x781a
 .debug_loc     0x00000000       0x40 Sketch.o
 .debug_loc     0x00000040       0x9c C:\Users\Gebruiker\Documents\Atmel Studio\7.0\ArduinoSketch9\ArduinoSketch9\ArduinoCore\Debug\libArduinoCore.a(cortex_handlers.o)
 .debug_loc     0x000000dc      0x15b C:\Users\Gebruiker\Documents\Atmel Studio\7.0\ArduinoSketch9\ArduinoSketch9\ArduinoCore\Debug\libArduinoCore.a(delay.o)
 .debug_loc     0x00000237       0x20 C:\Users\Gebruiker\Documents\Atmel Studio\7.0\ArduinoSketch9\ArduinoSketch9\ArduinoCore\Debug\libArduinoCore.a(main.o)
 .debug_loc     0x00000257       0x6d C:\Users\Gebruiker\Documents\Atmel Studio\7.0\ArduinoSketch9\ArduinoSketch9\ArduinoCore\Debug\libArduinoCore.a(Reset.o)
 .debug_loc     0x000002c4       0x4e C:\Users\Gebruiker\Documents\Atmel Studio\7.0\ArduinoSketch9\ArduinoSketch9\ArduinoCore\Debug\libArduinoCore.a(startup.o)
 .debug_loc     0x00000312     0x2b8b C:\Users\Gebruiker\Documents\Atmel Studio\7.0\ArduinoSketch9\ArduinoSketch9\ArduinoCore\Debug\libArduinoCore.a(USBCore.o)
 .debug_loc     0x00002e9d       0xcb C:\Users\Gebruiker\Documents\Atmel Studio\7.0\ArduinoSketch9\ArduinoSketch9\ArduinoCore\Debug\libArduinoCore.a(wiring.o)
 .debug_loc     0x00002f68      0x5d7 C:\Users\Gebruiker\Documents\Atmel Studio\7.0\ArduinoSketch9\ArduinoSketch9\ArduinoCore\Debug\libArduinoCore.a(wiring_analog.o)
 .debug_loc     0x0000353f      0x18c C:\Users\Gebruiker\Documents\Atmel Studio\7.0\ArduinoSketch9\ArduinoSketch9\ArduinoCore\Debug\libArduinoCore.a(wiring_digital.o)
 .debug_loc     0x000036cb      0x14e C:\Users\Gebruiker\Documents\Atmel Studio\7.0\ArduinoSketch9\ArduinoSketch9\ArduinoCore\Debug\libArduinoCore.a(wiring_private.o)
 .debug_loc     0x00003819       0xff C:\Users\Gebruiker\Documents\Atmel Studio\7.0\ArduinoSketch9\ArduinoSketch9\ArduinoCore\Debug\libArduinoCore.a(variant.o)
 .debug_loc     0x00003918       0x82 C:\Users\Gebruiker\Documents\Atmel Studio\7.0\ArduinoSketch9\ArduinoSketch9\ArduinoCore\Debug\libArduinoCore.a(new.o)
 .debug_loc     0x0000399a      0xd9d C:\Users\Gebruiker\Documents\Atmel Studio\7.0\ArduinoSketch9\ArduinoSketch9\ArduinoCore\Debug\libArduinoCore.a(SERCOM.o)
 .debug_loc     0x00004737      0xbde C:\Users\Gebruiker\Documents\Atmel Studio\7.0\ArduinoSketch9\ArduinoSketch9\ArduinoCore\Debug\libArduinoCore.a(Uart.o)
 .debug_loc     0x00005315      0xa78 C:\Users\Gebruiker\Documents\Atmel Studio\7.0\ArduinoSketch9\ArduinoSketch9\ArduinoCore\Debug\libArduinoCore.a(CDC.o)
 .debug_loc     0x00005d8d      0x392 C:\Users\Gebruiker\Documents\Atmel Studio\7.0\ArduinoSketch9\ArduinoSketch9\ArduinoCore\Debug\libArduinoCore.a(PluggableUSB.o)
 .debug_loc     0x0000611f     0x16fb C:\Users\Gebruiker\Documents\Atmel Studio\7.0\ArduinoSketch9\ArduinoSketch9\ArduinoCore\Debug\libArduinoCore.a(Print.o)

.debug_aranges  0x00000000      0x918
 .debug_aranges
                0x00000000       0x28 Sketch.o
 .debug_aranges
                0x00000028       0x40 C:\Users\Gebruiker\Documents\Atmel Studio\7.0\ArduinoSketch9\ArduinoSketch9\ArduinoCore\Debug\libArduinoCore.a(cortex_handlers.o)
 .debug_aranges
                0x00000068       0x40 C:\Users\Gebruiker\Documents\Atmel Studio\7.0\ArduinoSketch9\ArduinoSketch9\ArduinoCore\Debug\libArduinoCore.a(delay.o)
 .debug_aranges
                0x000000a8       0x30 C:\Users\Gebruiker\Documents\Atmel Studio\7.0\ArduinoSketch9\ArduinoSketch9\ArduinoCore\Debug\libArduinoCore.a(hooks.o)
 .debug_aranges
                0x000000d8       0x28 C:\Users\Gebruiker\Documents\Atmel Studio\7.0\ArduinoSketch9\ArduinoSketch9\ArduinoCore\Debug\libArduinoCore.a(main.o)
 .debug_aranges
                0x00000100       0x38 C:\Users\Gebruiker\Documents\Atmel Studio\7.0\ArduinoSketch9\ArduinoSketch9\ArduinoCore\Debug\libArduinoCore.a(Reset.o)
 .debug_aranges
                0x00000138       0x20 C:\Users\Gebruiker\Documents\Atmel Studio\7.0\ArduinoSketch9\ArduinoSketch9\ArduinoCore\Debug\libArduinoCore.a(startup.o)
 .debug_aranges
                0x00000158      0x178 C:\Users\Gebruiker\Documents\Atmel Studio\7.0\ArduinoSketch9\ArduinoSketch9\ArduinoCore\Debug\libArduinoCore.a(USBCore.o)
 .debug_aranges
                0x000002d0       0x20 C:\Users\Gebruiker\Documents\Atmel Studio\7.0\ArduinoSketch9\ArduinoSketch9\ArduinoCore\Debug\libArduinoCore.a(wiring.o)
 .debug_aranges
                0x000002f0       0x48 C:\Users\Gebruiker\Documents\Atmel Studio\7.0\ArduinoSketch9\ArduinoSketch9\ArduinoCore\Debug\libArduinoCore.a(wiring_analog.o)
 .debug_aranges
                0x00000338       0x30 C:\Users\Gebruiker\Documents\Atmel Studio\7.0\ArduinoSketch9\ArduinoSketch9\ArduinoCore\Debug\libArduinoCore.a(wiring_digital.o)
 .debug_aranges
                0x00000368       0x20 C:\Users\Gebruiker\Documents\Atmel Studio\7.0\ArduinoSketch9\ArduinoSketch9\ArduinoCore\Debug\libArduinoCore.a(wiring_private.o)
 .debug_aranges
                0x00000388       0x40 C:\Users\Gebruiker\Documents\Atmel Studio\7.0\ArduinoSketch9\ArduinoSketch9\ArduinoCore\Debug\libArduinoCore.a(variant.o)
 .debug_aranges
                0x000003c8       0x28 C:\Users\Gebruiker\Documents\Atmel Studio\7.0\ArduinoSketch9\ArduinoSketch9\ArduinoCore\Debug\libArduinoCore.a(new.o)
 .debug_aranges
                0x000003f0      0x1f0 C:\Users\Gebruiker\Documents\Atmel Studio\7.0\ArduinoSketch9\ArduinoSketch9\ArduinoCore\Debug\libArduinoCore.a(SERCOM.o)
 .debug_aranges
                0x000005e0       0xb0 C:\Users\Gebruiker\Documents\Atmel Studio\7.0\ArduinoSketch9\ArduinoSketch9\ArduinoCore\Debug\libArduinoCore.a(Uart.o)
 .debug_aranges
                0x00000690      0x130 C:\Users\Gebruiker\Documents\Atmel Studio\7.0\ArduinoSketch9\ArduinoSketch9\ArduinoCore\Debug\libArduinoCore.a(CDC.o)
 .debug_aranges
                0x000007c0       0x58 C:\Users\Gebruiker\Documents\Atmel Studio\7.0\ArduinoSketch9\ArduinoSketch9\ArduinoCore\Debug\libArduinoCore.a(PluggableUSB.o)
 .debug_aranges
                0x00000818      0x100 C:\Users\Gebruiker\Documents\Atmel Studio\7.0\ArduinoSketch9\ArduinoSketch9\ArduinoCore\Debug\libArduinoCore.a(Print.o)

.debug_ranges   0x00000000     0x1398
 .debug_ranges  0x00000000       0x18 Sketch.o
 .debug_ranges  0x00000018       0x30 C:\Users\Gebruiker\Documents\Atmel Studio\7.0\ArduinoSketch9\ArduinoSketch9\ArduinoCore\Debug\libArduinoCore.a(cortex_handlers.o)
 .debug_ranges  0x00000048       0x30 C:\Users\Gebruiker\Documents\Atmel Studio\7.0\ArduinoSketch9\ArduinoSketch9\ArduinoCore\Debug\libArduinoCore.a(delay.o)
 .debug_ranges  0x00000078       0x20 C:\Users\Gebruiker\Documents\Atmel Studio\7.0\ArduinoSketch9\ArduinoSketch9\ArduinoCore\Debug\libArduinoCore.a(hooks.o)
 .debug_ranges  0x00000098       0x18 C:\Users\Gebruiker\Documents\Atmel Studio\7.0\ArduinoSketch9\ArduinoSketch9\ArduinoCore\Debug\libArduinoCore.a(main.o)
 .debug_ranges  0x000000b0       0x40 C:\Users\Gebruiker\Documents\Atmel Studio\7.0\ArduinoSketch9\ArduinoSketch9\ArduinoCore\Debug\libArduinoCore.a(Reset.o)
 .debug_ranges  0x000000f0       0x10 C:\Users\Gebruiker\Documents\Atmel Studio\7.0\ArduinoSketch9\ArduinoSketch9\ArduinoCore\Debug\libArduinoCore.a(startup.o)
 .debug_ranges  0x00000100      0x8e8 C:\Users\Gebruiker\Documents\Atmel Studio\7.0\ArduinoSketch9\ArduinoSketch9\ArduinoCore\Debug\libArduinoCore.a(USBCore.o)
 .debug_ranges  0x000009e8       0x28 C:\Users\Gebruiker\Documents\Atmel Studio\7.0\ArduinoSketch9\ArduinoSketch9\ArduinoCore\Debug\libArduinoCore.a(wiring.o)
 .debug_ranges  0x00000a10       0x98 C:\Users\Gebruiker\Documents\Atmel Studio\7.0\ArduinoSketch9\ArduinoSketch9\ArduinoCore\Debug\libArduinoCore.a(wiring_analog.o)
 .debug_ranges  0x00000aa8       0x20 C:\Users\Gebruiker\Documents\Atmel Studio\7.0\ArduinoSketch9\ArduinoSketch9\ArduinoCore\Debug\libArduinoCore.a(wiring_digital.o)
 .debug_ranges  0x00000ac8       0x30 C:\Users\Gebruiker\Documents\Atmel Studio\7.0\ArduinoSketch9\ArduinoSketch9\ArduinoCore\Debug\libArduinoCore.a(wiring_private.o)
 .debug_ranges  0x00000af8       0x30 C:\Users\Gebruiker\Documents\Atmel Studio\7.0\ArduinoSketch9\ArduinoSketch9\ArduinoCore\Debug\libArduinoCore.a(variant.o)
 .debug_ranges  0x00000b28       0x18 C:\Users\Gebruiker\Documents\Atmel Studio\7.0\ArduinoSketch9\ArduinoSketch9\ArduinoCore\Debug\libArduinoCore.a(new.o)
 .debug_ranges  0x00000b40      0x2b0 C:\Users\Gebruiker\Documents\Atmel Studio\7.0\ArduinoSketch9\ArduinoSketch9\ArduinoCore\Debug\libArduinoCore.a(SERCOM.o)
 .debug_ranges  0x00000df0      0x1d8 C:\Users\Gebruiker\Documents\Atmel Studio\7.0\ArduinoSketch9\ArduinoSketch9\ArduinoCore\Debug\libArduinoCore.a(Uart.o)
 .debug_ranges  0x00000fc8      0x1f0 C:\Users\Gebruiker\Documents\Atmel Studio\7.0\ArduinoSketch9\ArduinoSketch9\ArduinoCore\Debug\libArduinoCore.a(CDC.o)
 .debug_ranges  0x000011b8       0x60 C:\Users\Gebruiker\Documents\Atmel Studio\7.0\ArduinoSketch9\ArduinoSketch9\ArduinoCore\Debug\libArduinoCore.a(PluggableUSB.o)
 .debug_ranges  0x00001218      0x180 C:\Users\Gebruiker\Documents\Atmel Studio\7.0\ArduinoSketch9\ArduinoSketch9\ArduinoCore\Debug\libArduinoCore.a(Print.o)

.debug_macro    0x00000000    0x1cd4f
 .debug_macro   0x00000000      0x6d8 Sketch.o
 .debug_macro   0x000006d8      0x98e Sketch.o
 .debug_macro   0x00001066       0x16 Sketch.o
 .debug_macro   0x0000107c       0x1c Sketch.o
 .debug_macro   0x00001098       0x22 Sketch.o
 .debug_macro   0x000010ba       0x87 Sketch.o
 .debug_macro   0x00001141       0x51 Sketch.o
 .debug_macro   0x00001192       0xef Sketch.o
 .debug_macro   0x00001281       0x6a Sketch.o
 .debug_macro   0x000012eb      0x1df Sketch.o
 .debug_macro   0x000014ca      0x143 Sketch.o
 .debug_macro   0x0000160d       0x10 Sketch.o
 .debug_macro   0x0000161d      0x3c3 Sketch.o
 .debug_macro   0x000019e0       0x10 Sketch.o
 .debug_macro   0x000019f0       0x58 Sketch.o
 .debug_macro   0x00001a48       0x35 Sketch.o
 .debug_macro   0x00001a7d       0x9c Sketch.o
 .debug_macro   0x00001b19       0x16 Sketch.o
 .debug_macro   0x00001b2f      0x10e Sketch.o
 .debug_macro   0x00001c3d       0x94 Sketch.o
 .debug_macro   0x00001cd1       0x58 Sketch.o
 .debug_macro   0x00001d29       0x1f Sketch.o
 .debug_macro   0x00001d48       0x43 Sketch.o
 .debug_macro   0x00001d8b       0x20 Sketch.o
 .debug_macro   0x00001dab      0x187 Sketch.o
 .debug_macro   0x00001f32      0x353 Sketch.o
 .debug_macro   0x00002285       0x16 Sketch.o
 .debug_macro   0x0000229b       0x29 Sketch.o
 .debug_macro   0x000022c4       0xea Sketch.o
 .debug_macro   0x000023ae       0x16 Sketch.o
 .debug_macro   0x000023c4       0x35 Sketch.o
 .debug_macro   0x000023f9       0x18 Sketch.o
 .debug_macro   0x00002411      0x1da Sketch.o
 .debug_macro   0x000025eb      0x3d3 Sketch.o
 .debug_macro   0x000029be       0x10 Sketch.o
 .debug_macro   0x000029ce      0x45d Sketch.o
 .debug_macro   0x00002e2b      0x190 Sketch.o
 .debug_macro   0x00002fbb       0x1c Sketch.o
 .debug_macro   0x00002fd7      0xd93 Sketch.o
 .debug_macro   0x00003d6a       0x3f Sketch.o
 .debug_macro   0x00003da9       0x1c Sketch.o
 .debug_macro   0x00003dc5       0x22 Sketch.o
 .debug_macro   0x00003de7       0xaf Sketch.o
 .debug_macro   0x00003e96      0x3ad Sketch.o
 .debug_macro   0x00004243      0x67e Sketch.o
 .debug_macro   0x000048c1      0x8b1 Sketch.o
 .debug_macro   0x00005172      0x22e Sketch.o
 .debug_macro   0x000053a0      0xd5c Sketch.o
 .debug_macro   0x000060fc      0x4dc Sketch.o
 .debug_macro   0x000065d8      0x9f6 Sketch.o
 .debug_macro   0x00006fce      0x82b Sketch.o
 .debug_macro   0x000077f9      0x45f Sketch.o
 .debug_macro   0x00007c58       0x5e Sketch.o
 .debug_macro   0x00007cb6      0x8f9 Sketch.o
 .debug_macro   0x000085af      0x21c Sketch.o
 .debug_macro   0x000087cb      0x735 Sketch.o
 .debug_macro   0x00008f00       0x5e Sketch.o
 .debug_macro   0x00008f5e      0x632 Sketch.o
 .debug_macro   0x00009590      0x3ac Sketch.o
 .debug_macro   0x0000993c      0xc76 Sketch.o
 .debug_macro   0x0000a5b2     0x1092 Sketch.o
 .debug_macro   0x0000b644      0xc4a Sketch.o
 .debug_macro   0x0000c28e      0x6ba Sketch.o
 .debug_macro   0x0000c948     0x1b3d Sketch.o
 .debug_macro   0x0000e485     0x143c Sketch.o
 .debug_macro   0x0000f8c1      0x340 Sketch.o
 .debug_macro   0x0000fc01       0x7c Sketch.o
 .debug_macro   0x0000fc7d       0xa0 Sketch.o
 .debug_macro   0x0000fd1d       0x4c Sketch.o
 .debug_macro   0x0000fd69       0xca Sketch.o
 .debug_macro   0x0000fe33       0x94 Sketch.o
 .debug_macro   0x0000fec7       0x58 Sketch.o
 .debug_macro   0x0000ff1f      0x341 Sketch.o
 .debug_macro   0x00010260       0x82 Sketch.o
 .debug_macro   0x000102e2      0x189 Sketch.o
 .debug_macro   0x0001046b       0xb8 Sketch.o
 .debug_macro   0x00010523       0xa0 Sketch.o
 .debug_macro   0x000105c3       0xb2 Sketch.o
 .debug_macro   0x00010675       0x1c Sketch.o
 .debug_macro   0x00010691       0x1c Sketch.o
 .debug_macro   0x000106ad       0x1c Sketch.o
 .debug_macro   0x000106c9       0x7c Sketch.o
 .debug_macro   0x00010745      0x15a Sketch.o
 .debug_macro   0x0001089f       0x10 Sketch.o
 .debug_macro   0x000108af       0xdc Sketch.o
 .debug_macro   0x0001098b      0x124 Sketch.o
 .debug_macro   0x00010aaf      0x124 Sketch.o
 .debug_macro   0x00010bd3      0x124 Sketch.o
 .debug_macro   0x00010cf7      0x124 Sketch.o
 .debug_macro   0x00010e1b      0x124 Sketch.o
 .debug_macro   0x00010f3f      0x124 Sketch.o
 .debug_macro   0x00011063      0x124 Sketch.o
 .debug_macro   0x00011187       0xe2 Sketch.o
 .debug_macro   0x00011269       0xe2 Sketch.o
 .debug_macro   0x0001134b       0xe2 Sketch.o
 .debug_macro   0x0001142d      0x12a Sketch.o